Archive member included to satisfy reference by file (symbol)

/opt/st/stm32cubeide_1.6.0/plugins/com.st.stm32cube.ide.mcu.externaltools.gnu-tools-for-stm32.9-2020-q2-update.linux64_1.5.0.202011040924/tools/bin/../lib/gcc/arm-none-eabi/9.3.1/../../../../arm-none-eabi/lib/thumb/v7e-m+fp/hard/libc_nano.a(lib_a-errno.o)
                              Src/syscalls.o (__errno)
/opt/st/stm32cubeide_1.6.0/plugins/com.st.stm32cube.ide.mcu.externaltools.gnu-tools-for-stm32.9-2020-q2-update.linux64_1.5.0.202011040924/tools/bin/../lib/gcc/arm-none-eabi/9.3.1/../../../../arm-none-eabi/lib/thumb/v7e-m+fp/hard/libc_nano.a(lib_a-exit.o)
                              /opt/st/stm32cubeide_1.6.0/plugins/com.st.stm32cube.ide.mcu.externaltools.gnu-tools-for-stm32.9-2020-q2-update.linux64_1.5.0.202011040924/tools/bin/../lib/gcc/arm-none-eabi/9.3.1/../../../../arm-none-eabi/lib/thumb/v7e-m+fp/hard/crt0.o (exit)
/opt/st/stm32cubeide_1.6.0/plugins/com.st.stm32cube.ide.mcu.externaltools.gnu-tools-for-stm32.9-2020-q2-update.linux64_1.5.0.202011040924/tools/bin/../lib/gcc/arm-none-eabi/9.3.1/../../../../arm-none-eabi/lib/thumb/v7e-m+fp/hard/libc_nano.a(lib_a-impure.o)
                              /opt/st/stm32cubeide_1.6.0/plugins/com.st.stm32cube.ide.mcu.externaltools.gnu-tools-for-stm32.9-2020-q2-update.linux64_1.5.0.202011040924/tools/bin/../lib/gcc/arm-none-eabi/9.3.1/../../../../arm-none-eabi/lib/thumb/v7e-m+fp/hard/libc_nano.a(lib_a-exit.o) (_global_impure_ptr)
/opt/st/stm32cubeide_1.6.0/plugins/com.st.stm32cube.ide.mcu.externaltools.gnu-tools-for-stm32.9-2020-q2-update.linux64_1.5.0.202011040924/tools/bin/../lib/gcc/arm-none-eabi/9.3.1/../../../../arm-none-eabi/lib/thumb/v7e-m+fp/hard/libc_nano.a(lib_a-init.o)
                              /opt/st/stm32cubeide_1.6.0/plugins/com.st.stm32cube.ide.mcu.externaltools.gnu-tools-for-stm32.9-2020-q2-update.linux64_1.5.0.202011040924/tools/bin/../lib/gcc/arm-none-eabi/9.3.1/../../../../arm-none-eabi/lib/thumb/v7e-m+fp/hard/crt0.o (__libc_init_array)
/opt/st/stm32cubeide_1.6.0/plugins/com.st.stm32cube.ide.mcu.externaltools.gnu-tools-for-stm32.9-2020-q2-update.linux64_1.5.0.202011040924/tools/bin/../lib/gcc/arm-none-eabi/9.3.1/../../../../arm-none-eabi/lib/thumb/v7e-m+fp/hard/libc_nano.a(lib_a-memset.o)
                              /opt/st/stm32cubeide_1.6.0/plugins/com.st.stm32cube.ide.mcu.externaltools.gnu-tools-for-stm32.9-2020-q2-update.linux64_1.5.0.202011040924/tools/bin/../lib/gcc/arm-none-eabi/9.3.1/../../../../arm-none-eabi/lib/thumb/v7e-m+fp/hard/crt0.o (memset)

Allocating common symbols
Common symbol       size              file

g_ds1307I2CHandle   0x1c              bsp/ds1307.o

Discarded input sections

 .text          0x0000000000000000        0x0 /opt/st/stm32cubeide_1.6.0/plugins/com.st.stm32cube.ide.mcu.externaltools.gnu-tools-for-stm32.9-2020-q2-update.linux64_1.5.0.202011040924/tools/bin/../lib/gcc/arm-none-eabi/9.3.1/thumb/v7e-m+fp/hard/crti.o
 .data          0x0000000000000000        0x0 /opt/st/stm32cubeide_1.6.0/plugins/com.st.stm32cube.ide.mcu.externaltools.gnu-tools-for-stm32.9-2020-q2-update.linux64_1.5.0.202011040924/tools/bin/../lib/gcc/arm-none-eabi/9.3.1/thumb/v7e-m+fp/hard/crti.o
 .bss           0x0000000000000000        0x0 /opt/st/stm32cubeide_1.6.0/plugins/com.st.stm32cube.ide.mcu.externaltools.gnu-tools-for-stm32.9-2020-q2-update.linux64_1.5.0.202011040924/tools/bin/../lib/gcc/arm-none-eabi/9.3.1/thumb/v7e-m+fp/hard/crti.o
 .data          0x0000000000000000        0x4 /opt/st/stm32cubeide_1.6.0/plugins/com.st.stm32cube.ide.mcu.externaltools.gnu-tools-for-stm32.9-2020-q2-update.linux64_1.5.0.202011040924/tools/bin/../lib/gcc/arm-none-eabi/9.3.1/thumb/v7e-m+fp/hard/crtbegin.o
 .text          0x0000000000000000       0x7c /opt/st/stm32cubeide_1.6.0/plugins/com.st.stm32cube.ide.mcu.externaltools.gnu-tools-for-stm32.9-2020-q2-update.linux64_1.5.0.202011040924/tools/bin/../lib/gcc/arm-none-eabi/9.3.1/../../../../arm-none-eabi/lib/thumb/v7e-m+fp/hard/crt0.o
 .data          0x0000000000000000        0x0 /opt/st/stm32cubeide_1.6.0/plugins/com.st.stm32cube.ide.mcu.externaltools.gnu-tools-for-stm32.9-2020-q2-update.linux64_1.5.0.202011040924/tools/bin/../lib/gcc/arm-none-eabi/9.3.1/../../../../arm-none-eabi/lib/thumb/v7e-m+fp/hard/crt0.o
 .bss           0x0000000000000000        0x0 /opt/st/stm32cubeide_1.6.0/plugins/com.st.stm32cube.ide.mcu.externaltools.gnu-tools-for-stm32.9-2020-q2-update.linux64_1.5.0.202011040924/tools/bin/../lib/gcc/arm-none-eabi/9.3.1/../../../../arm-none-eabi/lib/thumb/v7e-m+fp/hard/crt0.o
 .ARM.extab     0x0000000000000000        0x0 /opt/st/stm32cubeide_1.6.0/plugins/com.st.stm32cube.ide.mcu.externaltools.gnu-tools-for-stm32.9-2020-q2-update.linux64_1.5.0.202011040924/tools/bin/../lib/gcc/arm-none-eabi/9.3.1/../../../../arm-none-eabi/lib/thumb/v7e-m+fp/hard/crt0.o
 .ARM.exidx     0x0000000000000000       0x10 /opt/st/stm32cubeide_1.6.0/plugins/com.st.stm32cube.ide.mcu.externaltools.gnu-tools-for-stm32.9-2020-q2-update.linux64_1.5.0.202011040924/tools/bin/../lib/gcc/arm-none-eabi/9.3.1/../../../../arm-none-eabi/lib/thumb/v7e-m+fp/hard/crt0.o
 .ARM.attributes
                0x0000000000000000       0x1c /opt/st/stm32cubeide_1.6.0/plugins/com.st.stm32cube.ide.mcu.externaltools.gnu-tools-for-stm32.9-2020-q2-update.linux64_1.5.0.202011040924/tools/bin/../lib/gcc/arm-none-eabi/9.3.1/../../../../arm-none-eabi/lib/thumb/v7e-m+fp/hard/crt0.o
 .group         0x0000000000000000        0xc Src/002led_button.o
 .group         0x0000000000000000        0xc Src/002led_button.o
 .group         0x0000000000000000        0xc Src/002led_button.o
 .group         0x0000000000000000        0xc Src/002led_button.o
 .group         0x0000000000000000        0xc Src/002led_button.o
 .group         0x0000000000000000        0xc Src/002led_button.o
 .group         0x0000000000000000        0xc Src/002led_button.o
 .group         0x0000000000000000        0xc Src/002led_button.o
 .group         0x0000000000000000        0xc Src/002led_button.o
 .group         0x0000000000000000        0xc Src/002led_button.o
 .group         0x0000000000000000        0xc Src/002led_button.o
 .group         0x0000000000000000        0xc Src/002led_button.o
 .group         0x0000000000000000        0xc Src/002led_button.o
 .text          0x0000000000000000        0x0 Src/002led_button.o
 .data          0x0000000000000000        0x0 Src/002led_button.o
 .bss           0x0000000000000000        0x0 Src/002led_button.o
 .group         0x0000000000000000        0xc Src/syscalls.o
 .group         0x0000000000000000        0xc Src/syscalls.o
 .group         0x0000000000000000        0xc Src/syscalls.o
 .group         0x0000000000000000        0xc Src/syscalls.o
 .group         0x0000000000000000        0xc Src/syscalls.o
 .group         0x0000000000000000        0xc Src/syscalls.o
 .group         0x0000000000000000        0xc Src/syscalls.o
 .group         0x0000000000000000        0xc Src/syscalls.o
 .group         0x0000000000000000        0xc Src/syscalls.o
 .group         0x0000000000000000        0xc Src/syscalls.o
 .group         0x0000000000000000        0xc Src/syscalls.o
 .group         0x0000000000000000        0xc Src/syscalls.o
 .group         0x0000000000000000        0xc Src/syscalls.o
 .group         0x0000000000000000        0xc Src/syscalls.o
 .group         0x0000000000000000        0xc Src/syscalls.o
 .group         0x0000000000000000        0xc Src/syscalls.o
 .group         0x0000000000000000        0xc Src/syscalls.o
 .group         0x0000000000000000        0xc Src/syscalls.o
 .group         0x0000000000000000        0xc Src/syscalls.o
 .group         0x0000000000000000        0xc Src/syscalls.o
 .group         0x0000000000000000        0xc Src/syscalls.o
 .group         0x0000000000000000        0xc Src/syscalls.o
 .group         0x0000000000000000        0xc Src/syscalls.o
 .group         0x0000000000000000        0xc Src/syscalls.o
 .group         0x0000000000000000        0xc Src/syscalls.o
 .group         0x0000000000000000        0xc Src/syscalls.o
 .group         0x0000000000000000        0xc Src/syscalls.o
 .group         0x0000000000000000        0xc Src/syscalls.o
 .group         0x0000000000000000        0xc Src/syscalls.o
 .group         0x0000000000000000        0xc Src/syscalls.o
 .group         0x0000000000000000        0xc Src/syscalls.o
 .group         0x0000000000000000        0xc Src/syscalls.o
 .group         0x0000000000000000        0xc Src/syscalls.o
 .group         0x0000000000000000        0xc Src/syscalls.o
 .group         0x0000000000000000        0xc Src/syscalls.o
 .group         0x0000000000000000        0xc Src/syscalls.o
 .group         0x0000000000000000        0xc Src/syscalls.o
 .group         0x0000000000000000        0xc Src/syscalls.o
 .group         0x0000000000000000        0xc Src/syscalls.o
 .group         0x0000000000000000        0xc Src/syscalls.o
 .group         0x0000000000000000        0xc Src/syscalls.o
 .group         0x0000000000000000        0xc Src/syscalls.o
 .group         0x0000000000000000        0xc Src/syscalls.o
 .group         0x0000000000000000        0xc Src/syscalls.o
 .group         0x0000000000000000        0xc Src/syscalls.o
 .group         0x0000000000000000        0xc Src/syscalls.o
 .group         0x0000000000000000        0xc Src/syscalls.o
 .text          0x0000000000000000        0x0 Src/syscalls.o
 .data          0x0000000000000000        0x0 Src/syscalls.o
 .bss           0x0000000000000000        0x0 Src/syscalls.o
 .text.ITM_SendChar
                0x0000000000000000       0x50 Src/syscalls.o
 .bss.__env     0x0000000000000000        0x4 Src/syscalls.o
 .data.environ  0x0000000000000000        0x4 Src/syscalls.o
 .text.initialise_monitor_handles
                0x0000000000000000        0xe Src/syscalls.o
 .text._getpid  0x0000000000000000       0x10 Src/syscalls.o
 .text._kill    0x0000000000000000       0x20 Src/syscalls.o
 .text._exit    0x0000000000000000       0x14 Src/syscalls.o
 .text._read    0x0000000000000000       0x3a Src/syscalls.o
 .text._write   0x0000000000000000       0x38 Src/syscalls.o
 .text._close   0x0000000000000000       0x18 Src/syscalls.o
 .text._fstat   0x0000000000000000       0x20 Src/syscalls.o
 .text._isatty  0x0000000000000000       0x16 Src/syscalls.o
 .text._lseek   0x0000000000000000       0x1a Src/syscalls.o
 .text._open    0x0000000000000000       0x1c Src/syscalls.o
 .text._wait    0x0000000000000000       0x1e Src/syscalls.o
 .text._unlink  0x0000000000000000       0x1e Src/syscalls.o
 .text._times   0x0000000000000000       0x18 Src/syscalls.o
 .text._stat    0x0000000000000000       0x20 Src/syscalls.o
 .text._link    0x0000000000000000       0x20 Src/syscalls.o
 .text._fork    0x0000000000000000       0x16 Src/syscalls.o
 .text._execve  0x0000000000000000       0x22 Src/syscalls.o
 .debug_info    0x0000000000000000      0xfed Src/syscalls.o
 .debug_abbrev  0x0000000000000000      0x2a0 Src/syscalls.o
 .debug_aranges
                0x0000000000000000       0xb0 Src/syscalls.o
 .debug_ranges  0x0000000000000000       0xa0 Src/syscalls.o
 .debug_macro   0x0000000000000000      0x25e Src/syscalls.o
 .debug_macro   0x0000000000000000      0xab4 Src/syscalls.o
 .debug_macro   0x0000000000000000       0x22 Src/syscalls.o
 .debug_macro   0x0000000000000000       0x4c Src/syscalls.o
 .debug_macro   0x0000000000000000       0x18 Src/syscalls.o
 .debug_macro   0x0000000000000000       0x94 Src/syscalls.o
 .debug_macro   0x0000000000000000       0x3c Src/syscalls.o
 .debug_macro   0x0000000000000000       0x34 Src/syscalls.o
 .debug_macro   0x0000000000000000       0x57 Src/syscalls.o
 .debug_macro   0x0000000000000000      0x174 Src/syscalls.o
 .debug_macro   0x0000000000000000      0x339 Src/syscalls.o
 .debug_macro   0x0000000000000000       0x16 Src/syscalls.o
 .debug_macro   0x0000000000000000       0x43 Src/syscalls.o
 .debug_macro   0x0000000000000000       0x34 Src/syscalls.o
 .debug_macro   0x0000000000000000       0x10 Src/syscalls.o
 .debug_macro   0x0000000000000000       0x58 Src/syscalls.o
 .debug_macro   0x0000000000000000       0x71 Src/syscalls.o
 .debug_macro   0x0000000000000000       0x1c Src/syscalls.o
 .debug_macro   0x0000000000000000      0x12a Src/syscalls.o
 .debug_macro   0x0000000000000000       0x10 Src/syscalls.o
 .debug_macro   0x0000000000000000       0x35 Src/syscalls.o
 .debug_macro   0x0000000000000000       0x10 Src/syscalls.o
 .debug_macro   0x0000000000000000       0x10 Src/syscalls.o
 .debug_macro   0x0000000000000000       0x10 Src/syscalls.o
 .debug_macro   0x0000000000000000       0x6a Src/syscalls.o
 .debug_macro   0x0000000000000000       0x1c Src/syscalls.o
 .debug_macro   0x0000000000000000       0x52 Src/syscalls.o
 .debug_macro   0x0000000000000000       0x22 Src/syscalls.o
 .debug_macro   0x0000000000000000       0x10 Src/syscalls.o
 .debug_macro   0x0000000000000000       0x40 Src/syscalls.o
 .debug_macro   0x0000000000000000       0xd5 Src/syscalls.o
 .debug_macro   0x0000000000000000       0x1c Src/syscalls.o
 .debug_macro   0x0000000000000000       0x3d Src/syscalls.o
 .debug_macro   0x0000000000000000       0x35 Src/syscalls.o
 .debug_macro   0x0000000000000000      0x12c Src/syscalls.o
 .debug_macro   0x0000000000000000       0x16 Src/syscalls.o
 .debug_macro   0x0000000000000000       0x16 Src/syscalls.o
 .debug_macro   0x0000000000000000       0x29 Src/syscalls.o
 .debug_macro   0x0000000000000000       0x10 Src/syscalls.o
 .debug_macro   0x0000000000000000      0x241 Src/syscalls.o
 .debug_macro   0x0000000000000000       0x1c Src/syscalls.o
 .debug_macro   0x0000000000000000       0x10 Src/syscalls.o
 .debug_macro   0x0000000000000000       0x10 Src/syscalls.o
 .debug_macro   0x0000000000000000       0x16 Src/syscalls.o
 .debug_macro   0x0000000000000000      0x145 Src/syscalls.o
 .debug_macro   0x0000000000000000      0x189 Src/syscalls.o
 .debug_macro   0x0000000000000000       0x16 Src/syscalls.o
 .debug_macro   0x0000000000000000       0xce Src/syscalls.o
 .debug_line    0x0000000000000000      0x805 Src/syscalls.o
 .debug_str     0x0000000000000000     0x8fcb Src/syscalls.o
 .comment       0x0000000000000000       0x54 Src/syscalls.o
 .debug_frame   0x0000000000000000      0x2d4 Src/syscalls.o
 .ARM.attributes
                0x0000000000000000       0x34 Src/syscalls.o
 .group         0x0000000000000000        0xc Src/sysmem.o
 .group         0x0000000000000000        0xc Src/sysmem.o
 .group         0x0000000000000000        0xc Src/sysmem.o
 .group         0x0000000000000000        0xc Src/sysmem.o
 .group         0x0000000000000000        0xc Src/sysmem.o
 .group         0x0000000000000000        0xc Src/sysmem.o
 .group         0x0000000000000000        0xc Src/sysmem.o
 .group         0x0000000000000000        0xc Src/sysmem.o
 .group         0x0000000000000000        0xc Src/sysmem.o
 .group         0x0000000000000000        0xc Src/sysmem.o
 .group         0x0000000000000000        0xc Src/sysmem.o
 .group         0x0000000000000000        0xc Src/sysmem.o
 .group         0x0000000000000000        0xc Src/sysmem.o
 .group         0x0000000000000000        0xc Src/sysmem.o
 .group         0x0000000000000000        0xc Src/sysmem.o
 .group         0x0000000000000000        0xc Src/sysmem.o
 .group         0x0000000000000000        0xc Src/sysmem.o
 .group         0x0000000000000000        0xc Src/sysmem.o
 .group         0x0000000000000000        0xc Src/sysmem.o
 .group         0x0000000000000000        0xc Src/sysmem.o
 .group         0x0000000000000000        0xc Src/sysmem.o
 .group         0x0000000000000000        0xc Src/sysmem.o
 .text          0x0000000000000000        0x0 Src/sysmem.o
 .data          0x0000000000000000        0x0 Src/sysmem.o
 .bss           0x0000000000000000        0x0 Src/sysmem.o
 .bss.__sbrk_heap_end
                0x0000000000000000        0x4 Src/sysmem.o
 .text._sbrk    0x0000000000000000       0x6c Src/sysmem.o
 .debug_info    0x0000000000000000      0xa25 Src/sysmem.o
 .debug_abbrev  0x0000000000000000      0x1bf Src/sysmem.o
 .debug_aranges
                0x0000000000000000       0x20 Src/sysmem.o
 .debug_ranges  0x0000000000000000       0x10 Src/sysmem.o
 .debug_macro   0x0000000000000000       0xff Src/sysmem.o
 .debug_macro   0x0000000000000000      0xab4 Src/sysmem.o
 .debug_macro   0x0000000000000000       0x10 Src/sysmem.o
 .debug_macro   0x0000000000000000       0x22 Src/sysmem.o
 .debug_macro   0x0000000000000000       0x4c Src/sysmem.o
 .debug_macro   0x0000000000000000       0x18 Src/sysmem.o
 .debug_macro   0x0000000000000000       0x94 Src/sysmem.o
 .debug_macro   0x0000000000000000       0x3c Src/sysmem.o
 .debug_macro   0x0000000000000000       0x34 Src/sysmem.o
 .debug_macro   0x0000000000000000      0x174 Src/sysmem.o
 .debug_macro   0x0000000000000000       0x16 Src/sysmem.o
 .debug_macro   0x0000000000000000       0x43 Src/sysmem.o
 .debug_macro   0x0000000000000000       0x57 Src/sysmem.o
 .debug_macro   0x0000000000000000       0x34 Src/sysmem.o
 .debug_macro   0x0000000000000000       0x10 Src/sysmem.o
 .debug_macro   0x0000000000000000       0x58 Src/sysmem.o
 .debug_macro   0x0000000000000000       0x71 Src/sysmem.o
 .debug_macro   0x0000000000000000       0x1c Src/sysmem.o
 .debug_macro   0x0000000000000000      0x12a Src/sysmem.o
 .debug_macro   0x0000000000000000      0x23b Src/sysmem.o
 .debug_macro   0x0000000000000000      0x103 Src/sysmem.o
 .debug_macro   0x0000000000000000       0x6a Src/sysmem.o
 .debug_macro   0x0000000000000000      0x1df Src/sysmem.o
 .debug_line    0x0000000000000000      0x4c6 Src/sysmem.o
 .debug_str     0x0000000000000000     0x62e3 Src/sysmem.o
 .comment       0x0000000000000000       0x54 Src/sysmem.o
 .debug_frame   0x0000000000000000       0x34 Src/sysmem.o
 .ARM.attributes
                0x0000000000000000       0x34 Src/sysmem.o
 .text          0x0000000000000000       0x14 Startup/startup_stm32f410rbtx.o
 .data          0x0000000000000000        0x0 Startup/startup_stm32f410rbtx.o
 .bss           0x0000000000000000        0x0 Startup/startup_stm32f410rbtx.o
 .group         0x0000000000000000        0xc bsp/ds1307.o
 .group         0x0000000000000000        0xc bsp/ds1307.o
 .group         0x0000000000000000        0xc bsp/ds1307.o
 .group         0x0000000000000000        0xc bsp/ds1307.o
 .group         0x0000000000000000        0xc bsp/ds1307.o
 .group         0x0000000000000000        0xc bsp/ds1307.o
 .group         0x0000000000000000        0xc bsp/ds1307.o
 .group         0x0000000000000000        0xc bsp/ds1307.o
 .group         0x0000000000000000        0xc bsp/ds1307.o
 .group         0x0000000000000000        0xc bsp/ds1307.o
 .group         0x0000000000000000        0xc bsp/ds1307.o
 .group         0x0000000000000000        0xc bsp/ds1307.o
 .group         0x0000000000000000        0xc bsp/ds1307.o
 .group         0x0000000000000000        0xc bsp/ds1307.o
 .group         0x0000000000000000        0xc bsp/ds1307.o
 .group         0x0000000000000000        0xc bsp/ds1307.o
 .group         0x0000000000000000        0xc bsp/ds1307.o
 .group         0x0000000000000000        0xc bsp/ds1307.o
 .group         0x0000000000000000        0xc bsp/ds1307.o
 .group         0x0000000000000000        0xc bsp/ds1307.o
 .group         0x0000000000000000        0xc bsp/ds1307.o
 .group         0x0000000000000000        0xc bsp/ds1307.o
 .group         0x0000000000000000        0xc bsp/ds1307.o
 .group         0x0000000000000000        0xc bsp/ds1307.o
 .group         0x0000000000000000        0xc bsp/ds1307.o
 .group         0x0000000000000000        0xc bsp/ds1307.o
 .group         0x0000000000000000        0xc bsp/ds1307.o
 .group         0x0000000000000000        0xc bsp/ds1307.o
 .group         0x0000000000000000        0xc bsp/ds1307.o
 .group         0x0000000000000000        0xc bsp/ds1307.o
 .text          0x0000000000000000        0x0 bsp/ds1307.o
 .data          0x0000000000000000        0x0 bsp/ds1307.o
 .bss           0x0000000000000000        0x0 bsp/ds1307.o
 .text.ds1307_init
                0x0000000000000000       0x3c bsp/ds1307.o
 .text.ds1307_set_current_time
                0x0000000000000000       0x92 bsp/ds1307.o
 .text.ds1307_get_current_time
                0x0000000000000000       0x92 bsp/ds1307.o
 .text.ds1307_set_current_date
                0x0000000000000000       0x60 bsp/ds1307.o
 .text.ds1307_get_current_date
                0x0000000000000000       0x68 bsp/ds1307.o
 .text.ds1307_i2c_pin_config
                0x0000000000000000       0x78 bsp/ds1307.o
 .text.ds1307_i2c_config
                0x0000000000000000       0x2c bsp/ds1307.o
 .text.ds1307_write
                0x0000000000000000       0x38 bsp/ds1307.o
 .text.ds1307_read
                0x0000000000000000       0x3c bsp/ds1307.o
 .text.binary_to_bcd
                0x0000000000000000       0x4c bsp/ds1307.o
 .text.bcd_to_binary
                0x0000000000000000       0x36 bsp/ds1307.o
 .debug_info    0x0000000000000000      0xf22 bsp/ds1307.o
 .debug_abbrev  0x0000000000000000      0x256 bsp/ds1307.o
 .debug_aranges
                0x0000000000000000       0x70 bsp/ds1307.o
 .debug_ranges  0x0000000000000000       0x60 bsp/ds1307.o
 .debug_macro   0x0000000000000000      0x19f bsp/ds1307.o
 .debug_macro   0x0000000000000000      0xab4 bsp/ds1307.o
 .debug_macro   0x0000000000000000       0x22 bsp/ds1307.o
 .debug_macro   0x0000000000000000       0x8e bsp/ds1307.o
 .debug_macro   0x0000000000000000       0x51 bsp/ds1307.o
 .debug_macro   0x0000000000000000      0x103 bsp/ds1307.o
 .debug_macro   0x0000000000000000       0x6a bsp/ds1307.o
 .debug_macro   0x0000000000000000      0x1df bsp/ds1307.o
 .debug_macro   0x0000000000000000       0x52 bsp/ds1307.o
 .debug_macro   0x0000000000000000       0x18 bsp/ds1307.o
 .debug_macro   0x0000000000000000       0x3c bsp/ds1307.o
 .debug_macro   0x0000000000000000       0x34 bsp/ds1307.o
 .debug_macro   0x0000000000000000      0x174 bsp/ds1307.o
 .debug_macro   0x0000000000000000       0x16 bsp/ds1307.o
 .debug_macro   0x0000000000000000       0x43 bsp/ds1307.o
 .debug_macro   0x0000000000000000       0x34 bsp/ds1307.o
 .debug_macro   0x0000000000000000       0x10 bsp/ds1307.o
 .debug_macro   0x0000000000000000       0x58 bsp/ds1307.o
 .debug_macro   0x0000000000000000       0x71 bsp/ds1307.o
 .debug_macro   0x0000000000000000       0x1c bsp/ds1307.o
 .debug_macro   0x0000000000000000      0x12a bsp/ds1307.o
 .debug_macro   0x0000000000000000      0x339 bsp/ds1307.o
 .debug_macro   0x0000000000000000       0x10 bsp/ds1307.o
 .debug_macro   0x0000000000000000       0x35 bsp/ds1307.o
 .debug_macro   0x0000000000000000       0x20 bsp/ds1307.o
 .debug_macro   0x0000000000000000      0x6f7 bsp/ds1307.o
 .debug_macro   0x0000000000000000       0xc4 bsp/ds1307.o
 .debug_macro   0x0000000000000000       0xca bsp/ds1307.o
 .debug_macro   0x0000000000000000       0xd0 bsp/ds1307.o
 .debug_macro   0x0000000000000000      0x100 bsp/ds1307.o
 .debug_macro   0x0000000000000000       0x94 bsp/ds1307.o
 .debug_line    0x0000000000000000      0x7a9 bsp/ds1307.o
 .debug_str     0x0000000000000000     0x9df7 bsp/ds1307.o
 .comment       0x0000000000000000       0x54 bsp/ds1307.o
 .debug_frame   0x0000000000000000      0x19c bsp/ds1307.o
 .ARM.attributes
                0x0000000000000000       0x34 bsp/ds1307.o
 COMMON         0x0000000000000000       0x1c bsp/ds1307.o
 .group         0x0000000000000000        0xc bsp/lcd.o
 .group         0x0000000000000000        0xc bsp/lcd.o
 .group         0x0000000000000000        0xc bsp/lcd.o
 .group         0x0000000000000000        0xc bsp/lcd.o
 .group         0x0000000000000000        0xc bsp/lcd.o
 .group         0x0000000000000000        0xc bsp/lcd.o
 .group         0x0000000000000000        0xc bsp/lcd.o
 .group         0x0000000000000000        0xc bsp/lcd.o
 .group         0x0000000000000000        0xc bsp/lcd.o
 .group         0x0000000000000000        0xc bsp/lcd.o
 .group         0x0000000000000000        0xc bsp/lcd.o
 .group         0x0000000000000000        0xc bsp/lcd.o
 .group         0x0000000000000000        0xc bsp/lcd.o
 .group         0x0000000000000000        0xc bsp/lcd.o
 .text          0x0000000000000000        0x0 bsp/lcd.o
 .data          0x0000000000000000        0x0 bsp/lcd.o
 .bss           0x0000000000000000        0x0 bsp/lcd.o
 .text.lcd_init
                0x0000000000000000      0x114 bsp/lcd.o
 .text.lcd_send_command
                0x0000000000000000       0x44 bsp/lcd.o
 .text.lcd_print_char
                0x0000000000000000       0x44 bsp/lcd.o
 .text.lcd_display_clear
                0x0000000000000000       0x14 bsp/lcd.o
 .text.lcd_display_return_home
                0x0000000000000000       0x14 bsp/lcd.o
 .text.lcd_print_string
                0x0000000000000000       0x28 bsp/lcd.o
 .text.lcd_set_cursor
                0x0000000000000000       0x4e bsp/lcd.o
 .text.write_4_bits
                0x0000000000000000       0x70 bsp/lcd.o
 .text.lcd_enable
                0x0000000000000000       0x2c bsp/lcd.o
 .text.mdelay   0x0000000000000000       0x32 bsp/lcd.o
 .text.udelay   0x0000000000000000       0x2a bsp/lcd.o
 .debug_info    0x0000000000000000      0x392 bsp/lcd.o
 .debug_abbrev  0x0000000000000000      0x178 bsp/lcd.o
 .debug_aranges
                0x0000000000000000       0x70 bsp/lcd.o
 .debug_ranges  0x0000000000000000       0x60 bsp/lcd.o
 .debug_macro   0x0000000000000000       0xd1 bsp/lcd.o
 .debug_macro   0x0000000000000000      0xab4 bsp/lcd.o
 .debug_macro   0x0000000000000000       0x22 bsp/lcd.o
 .debug_macro   0x0000000000000000       0x8e bsp/lcd.o
 .debug_macro   0x0000000000000000       0x51 bsp/lcd.o
 .debug_macro   0x0000000000000000      0x103 bsp/lcd.o
 .debug_macro   0x0000000000000000       0x6a bsp/lcd.o
 .debug_macro   0x0000000000000000      0x1df bsp/lcd.o
 .debug_macro   0x0000000000000000      0x174 bsp/lcd.o
 .debug_macro   0x0000000000000000      0x6f7 bsp/lcd.o
 .debug_macro   0x0000000000000000       0xc4 bsp/lcd.o
 .debug_macro   0x0000000000000000       0xca bsp/lcd.o
 .debug_macro   0x0000000000000000       0xd0 bsp/lcd.o
 .debug_macro   0x0000000000000000      0x100 bsp/lcd.o
 .debug_macro   0x0000000000000000       0x52 bsp/lcd.o
 .debug_line    0x0000000000000000      0x636 bsp/lcd.o
 .debug_str     0x0000000000000000     0x69a4 bsp/lcd.o
 .comment       0x0000000000000000       0x54 bsp/lcd.o
 .debug_frame   0x0000000000000000      0x18c bsp/lcd.o
 .ARM.attributes
                0x0000000000000000       0x34 bsp/lcd.o
 .group         0x0000000000000000        0xc drivers/src/stm32f410rb_gpio_driver.o
 .group         0x0000000000000000        0xc drivers/src/stm32f410rb_gpio_driver.o
 .group         0x0000000000000000        0xc drivers/src/stm32f410rb_gpio_driver.o
 .group         0x0000000000000000        0xc drivers/src/stm32f410rb_gpio_driver.o
 .group         0x0000000000000000        0xc drivers/src/stm32f410rb_gpio_driver.o
 .group         0x0000000000000000        0xc drivers/src/stm32f410rb_gpio_driver.o
 .group         0x0000000000000000        0xc drivers/src/stm32f410rb_gpio_driver.o
 .group         0x0000000000000000        0xc drivers/src/stm32f410rb_gpio_driver.o
 .group         0x0000000000000000        0xc drivers/src/stm32f410rb_gpio_driver.o
 .group         0x0000000000000000        0xc drivers/src/stm32f410rb_gpio_driver.o
 .group         0x0000000000000000        0xc drivers/src/stm32f410rb_gpio_driver.o
 .group         0x0000000000000000        0xc drivers/src/stm32f410rb_gpio_driver.o
 .group         0x0000000000000000        0xc drivers/src/stm32f410rb_gpio_driver.o
 .text          0x0000000000000000        0x0 drivers/src/stm32f410rb_gpio_driver.o
 .data          0x0000000000000000        0x0 drivers/src/stm32f410rb_gpio_driver.o
 .bss           0x0000000000000000        0x0 drivers/src/stm32f410rb_gpio_driver.o
 .text.GPIO_DeInit
                0x0000000000000000       0xb0 drivers/src/stm32f410rb_gpio_driver.o
 .text.GPIO_ReadFromInputPort
                0x0000000000000000       0x1c drivers/src/stm32f410rb_gpio_driver.o
 .text.GPIO_WriteToOutputPin
                0x0000000000000000       0x4a drivers/src/stm32f410rb_gpio_driver.o
 .text.GPIO_WriteToOutputPort
                0x0000000000000000       0x1e drivers/src/stm32f410rb_gpio_driver.o
 .text.GPIO_IRQInterruptConfig
                0x0000000000000000      0x120 drivers/src/stm32f410rb_gpio_driver.o
 .text.GPIO_IRQPriorityConfig
                0x0000000000000000       0x54 drivers/src/stm32f410rb_gpio_driver.o
 .text.GPIO_IRQHandling
                0x0000000000000000       0x40 drivers/src/stm32f410rb_gpio_driver.o
 .debug_macro   0x0000000000000000      0xab4 drivers/src/stm32f410rb_gpio_driver.o
 .debug_macro   0x0000000000000000       0x22 drivers/src/stm32f410rb_gpio_driver.o
 .debug_macro   0x0000000000000000       0x8e drivers/src/stm32f410rb_gpio_driver.o
 .debug_macro   0x0000000000000000       0x51 drivers/src/stm32f410rb_gpio_driver.o
 .debug_macro   0x0000000000000000      0x103 drivers/src/stm32f410rb_gpio_driver.o
 .debug_macro   0x0000000000000000       0x6a drivers/src/stm32f410rb_gpio_driver.o
 .debug_macro   0x0000000000000000      0x1df drivers/src/stm32f410rb_gpio_driver.o
 .debug_macro   0x0000000000000000      0x174 drivers/src/stm32f410rb_gpio_driver.o
 .debug_macro   0x0000000000000000      0x6f7 drivers/src/stm32f410rb_gpio_driver.o
 .debug_macro   0x0000000000000000       0xd0 drivers/src/stm32f410rb_gpio_driver.o
 .debug_macro   0x0000000000000000      0x100 drivers/src/stm32f410rb_gpio_driver.o
 .debug_macro   0x0000000000000000       0xc4 drivers/src/stm32f410rb_gpio_driver.o
 .group         0x0000000000000000        0xc drivers/src/stm32f410rb_i2c_driver.o
 .group         0x0000000000000000        0xc drivers/src/stm32f410rb_i2c_driver.o
 .group         0x0000000000000000        0xc drivers/src/stm32f410rb_i2c_driver.o
 .group         0x0000000000000000        0xc drivers/src/stm32f410rb_i2c_driver.o
 .group         0x0000000000000000        0xc drivers/src/stm32f410rb_i2c_driver.o
 .group         0x0000000000000000        0xc drivers/src/stm32f410rb_i2c_driver.o
 .group         0x0000000000000000        0xc drivers/src/stm32f410rb_i2c_driver.o
 .group         0x0000000000000000        0xc drivers/src/stm32f410rb_i2c_driver.o
 .group         0x0000000000000000        0xc drivers/src/stm32f410rb_i2c_driver.o
 .group         0x0000000000000000        0xc drivers/src/stm32f410rb_i2c_driver.o
 .group         0x0000000000000000        0xc drivers/src/stm32f410rb_i2c_driver.o
 .group         0x0000000000000000        0xc drivers/src/stm32f410rb_i2c_driver.o
 .group         0x0000000000000000        0xc drivers/src/stm32f410rb_i2c_driver.o
 .text          0x0000000000000000        0x0 drivers/src/stm32f410rb_i2c_driver.o
 .data          0x0000000000000000        0x0 drivers/src/stm32f410rb_i2c_driver.o
 .bss           0x0000000000000000        0x0 drivers/src/stm32f410rb_i2c_driver.o
 .text.I2C_GenerateStartCondition
                0x0000000000000000       0x20 drivers/src/stm32f410rb_i2c_driver.o
 .text.I2C_ExecuteAddressPhaseWrite
                0x0000000000000000       0x2c drivers/src/stm32f410rb_i2c_driver.o
 .text.I2C_ExecuteAddressPhaseRead
                0x0000000000000000       0x2c drivers/src/stm32f410rb_i2c_driver.o
 .text.I2C_ClearADDRFlag
                0x0000000000000000       0x6e drivers/src/stm32f410rb_i2c_driver.o
 .text.I2C_GenerateStopCondition
                0x0000000000000000       0x20 drivers/src/stm32f410rb_i2c_driver.o
 .text.I2C_EnableDisableCallbackEvents
                0x0000000000000000       0x68 drivers/src/stm32f410rb_i2c_driver.o
 .text.I2C_PeriClockControl
                0x0000000000000000       0x70 drivers/src/stm32f410rb_i2c_driver.o
 .text.I2C_Init
                0x0000000000000000      0x164 drivers/src/stm32f410rb_i2c_driver.o
 .text.I2C_DeInit
                0x0000000000000000       0x14 drivers/src/stm32f410rb_i2c_driver.o
 .text.I2C_GetFlagStatus
                0x0000000000000000       0x28 drivers/src/stm32f410rb_i2c_driver.o
 .text.I2C_IRQInterruptConfig
                0x0000000000000000      0x10c drivers/src/stm32f410rb_i2c_driver.o
 .text.I2C_IRQPriorityConfig
                0x0000000000000000       0x54 drivers/src/stm32f410rb_i2c_driver.o
 .text.I2C_MasterSendData
                0x0000000000000000       0xc6 drivers/src/stm32f410rb_i2c_driver.o
 .text.I2C_MasterReceiveData
                0x0000000000000000      0x124 drivers/src/stm32f410rb_i2c_driver.o
 .text.I2C_MasterSendDataIT
                0x0000000000000000       0x86 drivers/src/stm32f410rb_i2c_driver.o
 .text.I2C_MasterReceiveDataIT
                0x0000000000000000       0x92 drivers/src/stm32f410rb_i2c_driver.o
 .text.I2C_CloseReceiveData
                0x0000000000000000       0x52 drivers/src/stm32f410rb_i2c_driver.o
 .text.I2C_CloseSendData
                0x0000000000000000       0x46 drivers/src/stm32f410rb_i2c_driver.o
 .text.I2C_MasterHandleTXEInterrupt
                0x0000000000000000       0x3e drivers/src/stm32f410rb_i2c_driver.o
 .text.I2C_MasterHandleRXNEInterrupt
                0x0000000000000000       0x9a drivers/src/stm32f410rb_i2c_driver.o
 .text.I2C_SlaveSendData
                0x0000000000000000       0x1e drivers/src/stm32f410rb_i2c_driver.o
 .text.I2C_SlaveReceiveData
                0x0000000000000000       0x1a drivers/src/stm32f410rb_i2c_driver.o
 .text.I2C_EV_IRQHandling
                0x0000000000000000      0x1b6 drivers/src/stm32f410rb_i2c_driver.o
 .text.I2C_ER_IRQHandling
                0x0000000000000000      0x10c drivers/src/stm32f410rb_i2c_driver.o
 .text.I2C_PeripheralControl
                0x0000000000000000       0x38 drivers/src/stm32f410rb_i2c_driver.o
 .text.I2C_ManageAcking
                0x0000000000000000       0x38 drivers/src/stm32f410rb_i2c_driver.o
 .debug_info    0x0000000000000000      0xa63 drivers/src/stm32f410rb_i2c_driver.o
 .debug_abbrev  0x0000000000000000      0x248 drivers/src/stm32f410rb_i2c_driver.o
 .debug_aranges
                0x0000000000000000       0xe8 drivers/src/stm32f410rb_i2c_driver.o
 .debug_ranges  0x0000000000000000       0xd8 drivers/src/stm32f410rb_i2c_driver.o
 .debug_macro   0x0000000000000000       0xc2 drivers/src/stm32f410rb_i2c_driver.o
 .debug_macro   0x0000000000000000      0xab4 drivers/src/stm32f410rb_i2c_driver.o
 .debug_macro   0x0000000000000000       0x22 drivers/src/stm32f410rb_i2c_driver.o
 .debug_macro   0x0000000000000000       0x8e drivers/src/stm32f410rb_i2c_driver.o
 .debug_macro   0x0000000000000000       0x51 drivers/src/stm32f410rb_i2c_driver.o
 .debug_macro   0x0000000000000000      0x103 drivers/src/stm32f410rb_i2c_driver.o
 .debug_macro   0x0000000000000000       0x6a drivers/src/stm32f410rb_i2c_driver.o
 .debug_macro   0x0000000000000000      0x1df drivers/src/stm32f410rb_i2c_driver.o
 .debug_macro   0x0000000000000000      0x174 drivers/src/stm32f410rb_i2c_driver.o
 .debug_macro   0x0000000000000000      0x6f7 drivers/src/stm32f410rb_i2c_driver.o
 .debug_macro   0x0000000000000000       0xc4 drivers/src/stm32f410rb_i2c_driver.o
 .debug_macro   0x0000000000000000       0xca drivers/src/stm32f410rb_i2c_driver.o
 .debug_macro   0x0000000000000000       0xd0 drivers/src/stm32f410rb_i2c_driver.o
 .debug_macro   0x0000000000000000      0x100 drivers/src/stm32f410rb_i2c_driver.o
 .debug_line    0x0000000000000000      0xcf1 drivers/src/stm32f410rb_i2c_driver.o
 .debug_str     0x0000000000000000     0x6b88 drivers/src/stm32f410rb_i2c_driver.o
 .comment       0x0000000000000000       0x54 drivers/src/stm32f410rb_i2c_driver.o
 .debug_frame   0x0000000000000000      0x3f8 drivers/src/stm32f410rb_i2c_driver.o
 .ARM.attributes
                0x0000000000000000       0x34 drivers/src/stm32f410rb_i2c_driver.o
 .group         0x0000000000000000        0xc drivers/src/stm32f410rb_rcc_driver.o
 .group         0x0000000000000000        0xc drivers/src/stm32f410rb_rcc_driver.o
 .group         0x0000000000000000        0xc drivers/src/stm32f410rb_rcc_driver.o
 .group         0x0000000000000000        0xc drivers/src/stm32f410rb_rcc_driver.o
 .group         0x0000000000000000        0xc drivers/src/stm32f410rb_rcc_driver.o
 .group         0x0000000000000000        0xc drivers/src/stm32f410rb_rcc_driver.o
 .group         0x0000000000000000        0xc drivers/src/stm32f410rb_rcc_driver.o
 .group         0x0000000000000000        0xc drivers/src/stm32f410rb_rcc_driver.o
 .group         0x0000000000000000        0xc drivers/src/stm32f410rb_rcc_driver.o
 .group         0x0000000000000000        0xc drivers/src/stm32f410rb_rcc_driver.o
 .group         0x0000000000000000        0xc drivers/src/stm32f410rb_rcc_driver.o
 .group         0x0000000000000000        0xc drivers/src/stm32f410rb_rcc_driver.o
 .group         0x0000000000000000        0xc drivers/src/stm32f410rb_rcc_driver.o
 .text          0x0000000000000000        0x0 drivers/src/stm32f410rb_rcc_driver.o
 .data          0x0000000000000000        0x0 drivers/src/stm32f410rb_rcc_driver.o
 .bss           0x0000000000000000        0x0 drivers/src/stm32f410rb_rcc_driver.o
 .data.AHB_PreScaler
                0x0000000000000000       0x10 drivers/src/stm32f410rb_rcc_driver.o
 .data.APB1_PreScaler
                0x0000000000000000        0x8 drivers/src/stm32f410rb_rcc_driver.o
 .text.RCC_GetPCLK1Value
                0x0000000000000000       0xb4 drivers/src/stm32f410rb_rcc_driver.o
 .text.RCC_GetPCLK2Value
                0x0000000000000000       0xa4 drivers/src/stm32f410rb_rcc_driver.o
 .text.RCC_GetPLLOutputClock
                0x0000000000000000       0x18 drivers/src/stm32f410rb_rcc_driver.o
 .debug_info    0x0000000000000000      0x3ac drivers/src/stm32f410rb_rcc_driver.o
 .debug_abbrev  0x0000000000000000       0xf5 drivers/src/stm32f410rb_rcc_driver.o
 .debug_aranges
                0x0000000000000000       0x30 drivers/src/stm32f410rb_rcc_driver.o
 .debug_ranges  0x0000000000000000       0x20 drivers/src/stm32f410rb_rcc_driver.o
 .debug_macro   0x0000000000000000       0xc6 drivers/src/stm32f410rb_rcc_driver.o
 .debug_macro   0x0000000000000000      0xab4 drivers/src/stm32f410rb_rcc_driver.o
 .debug_macro   0x0000000000000000       0x22 drivers/src/stm32f410rb_rcc_driver.o
 .debug_macro   0x0000000000000000       0x8e drivers/src/stm32f410rb_rcc_driver.o
 .debug_macro   0x0000000000000000       0x51 drivers/src/stm32f410rb_rcc_driver.o
 .debug_macro   0x0000000000000000      0x103 drivers/src/stm32f410rb_rcc_driver.o
 .debug_macro   0x0000000000000000       0x6a drivers/src/stm32f410rb_rcc_driver.o
 .debug_macro   0x0000000000000000      0x1df drivers/src/stm32f410rb_rcc_driver.o
 .debug_macro   0x0000000000000000      0x174 drivers/src/stm32f410rb_rcc_driver.o
 .debug_macro   0x0000000000000000      0x6f7 drivers/src/stm32f410rb_rcc_driver.o
 .debug_macro   0x0000000000000000       0xc4 drivers/src/stm32f410rb_rcc_driver.o
 .debug_macro   0x0000000000000000       0xca drivers/src/stm32f410rb_rcc_driver.o
 .debug_macro   0x0000000000000000       0xd0 drivers/src/stm32f410rb_rcc_driver.o
 .debug_macro   0x0000000000000000      0x100 drivers/src/stm32f410rb_rcc_driver.o
 .debug_line    0x0000000000000000      0x57a drivers/src/stm32f410rb_rcc_driver.o
 .debug_str     0x0000000000000000     0x688f drivers/src/stm32f410rb_rcc_driver.o
 .comment       0x0000000000000000       0x54 drivers/src/stm32f410rb_rcc_driver.o
 .debug_frame   0x0000000000000000       0x84 drivers/src/stm32f410rb_rcc_driver.o
 .ARM.attributes
                0x0000000000000000       0x34 drivers/src/stm32f410rb_rcc_driver.o
 .group         0x0000000000000000        0xc drivers/src/stm32f410rb_spi_driver.o
 .group         0x0000000000000000        0xc drivers/src/stm32f410rb_spi_driver.o
 .group         0x0000000000000000        0xc drivers/src/stm32f410rb_spi_driver.o
 .group         0x0000000000000000        0xc drivers/src/stm32f410rb_spi_driver.o
 .group         0x0000000000000000        0xc drivers/src/stm32f410rb_spi_driver.o
 .group         0x0000000000000000        0xc drivers/src/stm32f410rb_spi_driver.o
 .group         0x0000000000000000        0xc drivers/src/stm32f410rb_spi_driver.o
 .group         0x0000000000000000        0xc drivers/src/stm32f410rb_spi_driver.o
 .group         0x0000000000000000        0xc drivers/src/stm32f410rb_spi_driver.o
 .group         0x0000000000000000        0xc drivers/src/stm32f410rb_spi_driver.o
 .group         0x0000000000000000        0xc drivers/src/stm32f410rb_spi_driver.o
 .group         0x0000000000000000        0xc drivers/src/stm32f410rb_spi_driver.o
 .group         0x0000000000000000        0xc drivers/src/stm32f410rb_spi_driver.o
 .text          0x0000000000000000        0x0 drivers/src/stm32f410rb_spi_driver.o
 .data          0x0000000000000000        0x0 drivers/src/stm32f410rb_spi_driver.o
 .bss           0x0000000000000000        0x0 drivers/src/stm32f410rb_spi_driver.o
 .text.SPI_PeriClockControl
                0x0000000000000000       0x80 drivers/src/stm32f410rb_spi_driver.o
 .text.SPI_Init
                0x0000000000000000       0xb6 drivers/src/stm32f410rb_spi_driver.o
 .text.SPI_DeInit
                0x0000000000000000       0x1e drivers/src/stm32f410rb_spi_driver.o
 .text.SPI_SendData
                0x0000000000000000       0x6e drivers/src/stm32f410rb_spi_driver.o
 .text.SPI_ReceiveData
                0x0000000000000000       0x6e drivers/src/stm32f410rb_spi_driver.o
 .text.SPI_PeripheralControl
                0x0000000000000000       0x38 drivers/src/stm32f410rb_spi_driver.o
 .text.SPI_SSIConfig
                0x0000000000000000       0x38 drivers/src/stm32f410rb_spi_driver.o
 .text.SPI_SSOEConfig
                0x0000000000000000       0x38 drivers/src/stm32f410rb_spi_driver.o
 .text.SPI_GetFlagStatus
                0x0000000000000000       0x28 drivers/src/stm32f410rb_spi_driver.o
 .text.SPI_IRQInterruptConfig
                0x0000000000000000      0x120 drivers/src/stm32f410rb_spi_driver.o
 .text.SPI_IRQPriorityConfig
                0x0000000000000000       0x54 drivers/src/stm32f410rb_spi_driver.o
 .text.SPI_SendDataIT
                0x0000000000000000       0x48 drivers/src/stm32f410rb_spi_driver.o
 .text.SPI_ReceiveDataIT
                0x0000000000000000       0x48 drivers/src/stm32f410rb_spi_driver.o
 .text.SPI_IRQHandling
                0x0000000000000000       0x9a drivers/src/stm32f410rb_spi_driver.o
 .text.spi_txe_interrupt_handle
                0x0000000000000000       0x80 drivers/src/stm32f410rb_spi_driver.o
 .text.spi_rxne_interrupt_handle
                0x0000000000000000       0x84 drivers/src/stm32f410rb_spi_driver.o
 .text.spi_ovr_err_interrupt_handle
                0x0000000000000000       0x30 drivers/src/stm32f410rb_spi_driver.o
 .text.SPI_CloseTransmission
                0x0000000000000000       0x36 drivers/src/stm32f410rb_spi_driver.o
 .text.SPI_CloseReception
                0x0000000000000000       0x36 drivers/src/stm32f410rb_spi_driver.o
 .text.SPI_ClearOVRFlag
                0x0000000000000000       0x20 drivers/src/stm32f410rb_spi_driver.o
 .text.SPI_ApplicationEventCallback
                0x0000000000000000       0x18 drivers/src/stm32f410rb_spi_driver.o
 .debug_info    0x0000000000000000      0x8ae drivers/src/stm32f410rb_spi_driver.o
 .debug_abbrev  0x0000000000000000      0x18a drivers/src/stm32f410rb_spi_driver.o
 .debug_aranges
                0x0000000000000000       0xc0 drivers/src/stm32f410rb_spi_driver.o
 .debug_ranges  0x0000000000000000       0xb0 drivers/src/stm32f410rb_spi_driver.o
 .debug_macro   0x0000000000000000       0xcc drivers/src/stm32f410rb_spi_driver.o
 .debug_macro   0x0000000000000000      0xab4 drivers/src/stm32f410rb_spi_driver.o
 .debug_macro   0x0000000000000000       0x22 drivers/src/stm32f410rb_spi_driver.o
 .debug_macro   0x0000000000000000       0x8e drivers/src/stm32f410rb_spi_driver.o
 .debug_macro   0x0000000000000000       0x51 drivers/src/stm32f410rb_spi_driver.o
 .debug_macro   0x0000000000000000      0x103 drivers/src/stm32f410rb_spi_driver.o
 .debug_macro   0x0000000000000000       0x6a drivers/src/stm32f410rb_spi_driver.o
 .debug_macro   0x0000000000000000      0x1df drivers/src/stm32f410rb_spi_driver.o
 .debug_macro   0x0000000000000000      0x174 drivers/src/stm32f410rb_spi_driver.o
 .debug_macro   0x0000000000000000      0x6f7 drivers/src/stm32f410rb_spi_driver.o
 .debug_macro   0x0000000000000000       0xc4 drivers/src/stm32f410rb_spi_driver.o
 .debug_macro   0x0000000000000000       0xd0 drivers/src/stm32f410rb_spi_driver.o
 .debug_macro   0x0000000000000000      0x100 drivers/src/stm32f410rb_spi_driver.o
 .debug_macro   0x0000000000000000       0xc4 drivers/src/stm32f410rb_spi_driver.o
 .debug_line    0x0000000000000000      0x9ad drivers/src/stm32f410rb_spi_driver.o
 .debug_str     0x0000000000000000     0x6ad6 drivers/src/stm32f410rb_spi_driver.o
 .comment       0x0000000000000000       0x54 drivers/src/stm32f410rb_spi_driver.o
 .debug_frame   0x0000000000000000      0x33c drivers/src/stm32f410rb_spi_driver.o
 .ARM.attributes
                0x0000000000000000       0x34 drivers/src/stm32f410rb_spi_driver.o
 .group         0x0000000000000000        0xc drivers/src/stm32f410rb_usart_driver.o
 .group         0x0000000000000000        0xc drivers/src/stm32f410rb_usart_driver.o
 .group         0x0000000000000000        0xc drivers/src/stm32f410rb_usart_driver.o
 .group         0x0000000000000000        0xc drivers/src/stm32f410rb_usart_driver.o
 .group         0x0000000000000000        0xc drivers/src/stm32f410rb_usart_driver.o
 .group         0x0000000000000000        0xc drivers/src/stm32f410rb_usart_driver.o
 .group         0x0000000000000000        0xc drivers/src/stm32f410rb_usart_driver.o
 .group         0x0000000000000000        0xc drivers/src/stm32f410rb_usart_driver.o
 .group         0x0000000000000000        0xc drivers/src/stm32f410rb_usart_driver.o
 .group         0x0000000000000000        0xc drivers/src/stm32f410rb_usart_driver.o
 .group         0x0000000000000000        0xc drivers/src/stm32f410rb_usart_driver.o
 .group         0x0000000000000000        0xc drivers/src/stm32f410rb_usart_driver.o
 .group         0x0000000000000000        0xc drivers/src/stm32f410rb_usart_driver.o
 .text          0x0000000000000000        0x0 drivers/src/stm32f410rb_usart_driver.o
 .data          0x0000000000000000        0x0 drivers/src/stm32f410rb_usart_driver.o
 .bss           0x0000000000000000        0x0 drivers/src/stm32f410rb_usart_driver.o
 .text.USART_PeriClockControl
                0x0000000000000000       0x70 drivers/src/stm32f410rb_usart_driver.o
 .text.USART_Init
                0x0000000000000000      0x106 drivers/src/stm32f410rb_usart_driver.o
 .text.USART_SendData
                0x0000000000000000       0x9c drivers/src/stm32f410rb_usart_driver.o
 .text.USART_ReceiveData
                0x0000000000000000       0xb0 drivers/src/stm32f410rb_usart_driver.o
 .text.USART_SendDataIT
                0x0000000000000000       0x5c drivers/src/stm32f410rb_usart_driver.o
 .text.USART_ReceiveDataIT
                0x0000000000000000       0x4c drivers/src/stm32f410rb_usart_driver.o
 .text.USART_IRQInterruptConfig
                0x0000000000000000      0x10c drivers/src/stm32f410rb_usart_driver.o
 .text.USART_IRQPriorityConfig
                0x0000000000000000       0x54 drivers/src/stm32f410rb_usart_driver.o
 .text.USART_IRQHandling
                0x0000000000000000      0x344 drivers/src/stm32f410rb_usart_driver.o
 .text.USART_SetBaudRate
                0x0000000000000000       0xe4 drivers/src/stm32f410rb_usart_driver.o
 .text.USART_PeripheralControl
                0x0000000000000000       0x38 drivers/src/stm32f410rb_usart_driver.o
 .text.USART_GetFlagStatus
                0x0000000000000000       0x2a drivers/src/stm32f410rb_usart_driver.o
 .text.USART_ClearFlag
                0x0000000000000000       0x26 drivers/src/stm32f410rb_usart_driver.o
 .text.USART_ApplicationEventCallback
                0x0000000000000000       0x18 drivers/src/stm32f410rb_usart_driver.o
 .debug_info    0x0000000000000000      0x818 drivers/src/stm32f410rb_usart_driver.o
 .debug_abbrev  0x0000000000000000      0x19b drivers/src/stm32f410rb_usart_driver.o
 .debug_aranges
                0x0000000000000000       0x88 drivers/src/stm32f410rb_usart_driver.o
 .debug_ranges  0x0000000000000000       0x78 drivers/src/stm32f410rb_usart_driver.o
 .debug_macro   0x0000000000000000       0xc2 drivers/src/stm32f410rb_usart_driver.o
 .debug_macro   0x0000000000000000      0xab4 drivers/src/stm32f410rb_usart_driver.o
 .debug_macro   0x0000000000000000       0x22 drivers/src/stm32f410rb_usart_driver.o
 .debug_macro   0x0000000000000000       0x8e drivers/src/stm32f410rb_usart_driver.o
 .debug_macro   0x0000000000000000       0x51 drivers/src/stm32f410rb_usart_driver.o
 .debug_macro   0x0000000000000000      0x103 drivers/src/stm32f410rb_usart_driver.o
 .debug_macro   0x0000000000000000       0x6a drivers/src/stm32f410rb_usart_driver.o
 .debug_macro   0x0000000000000000      0x1df drivers/src/stm32f410rb_usart_driver.o
 .debug_macro   0x0000000000000000      0x174 drivers/src/stm32f410rb_usart_driver.o
 .debug_macro   0x0000000000000000      0x6f7 drivers/src/stm32f410rb_usart_driver.o
 .debug_macro   0x0000000000000000       0xc4 drivers/src/stm32f410rb_usart_driver.o
 .debug_macro   0x0000000000000000       0xca drivers/src/stm32f410rb_usart_driver.o
 .debug_macro   0x0000000000000000       0xd0 drivers/src/stm32f410rb_usart_driver.o
 .debug_macro   0x0000000000000000      0x100 drivers/src/stm32f410rb_usart_driver.o
 .debug_line    0x0000000000000000      0xab5 drivers/src/stm32f410rb_usart_driver.o
 .debug_str     0x0000000000000000     0x6a9b drivers/src/stm32f410rb_usart_driver.o
 .comment       0x0000000000000000       0x54 drivers/src/stm32f410rb_usart_driver.o
 .debug_frame   0x0000000000000000      0x230 drivers/src/stm32f410rb_usart_driver.o
 .ARM.attributes
                0x0000000000000000       0x34 drivers/src/stm32f410rb_usart_driver.o
 .text          0x0000000000000000        0x0 /opt/st/stm32cubeide_1.6.0/plugins/com.st.stm32cube.ide.mcu.externaltools.gnu-tools-for-stm32.9-2020-q2-update.linux64_1.5.0.202011040924/tools/bin/../lib/gcc/arm-none-eabi/9.3.1/../../../../arm-none-eabi/lib/thumb/v7e-m+fp/hard/libc_nano.a(lib_a-errno.o)
 .data          0x0000000000000000        0x0 /opt/st/stm32cubeide_1.6.0/plugins/com.st.stm32cube.ide.mcu.externaltools.gnu-tools-for-stm32.9-2020-q2-update.linux64_1.5.0.202011040924/tools/bin/../lib/gcc/arm-none-eabi/9.3.1/../../../../arm-none-eabi/lib/thumb/v7e-m+fp/hard/libc_nano.a(lib_a-errno.o)
 .bss           0x0000000000000000        0x0 /opt/st/stm32cubeide_1.6.0/plugins/com.st.stm32cube.ide.mcu.externaltools.gnu-tools-for-stm32.9-2020-q2-update.linux64_1.5.0.202011040924/tools/bin/../lib/gcc/arm-none-eabi/9.3.1/../../../../arm-none-eabi/lib/thumb/v7e-m+fp/hard/libc_nano.a(lib_a-errno.o)
 .text.__errno  0x0000000000000000        0xc /opt/st/stm32cubeide_1.6.0/plugins/com.st.stm32cube.ide.mcu.externaltools.gnu-tools-for-stm32.9-2020-q2-update.linux64_1.5.0.202011040924/tools/bin/../lib/gcc/arm-none-eabi/9.3.1/../../../../arm-none-eabi/lib/thumb/v7e-m+fp/hard/libc_nano.a(lib_a-errno.o)
 .debug_frame   0x0000000000000000       0x20 /opt/st/stm32cubeide_1.6.0/plugins/com.st.stm32cube.ide.mcu.externaltools.gnu-tools-for-stm32.9-2020-q2-update.linux64_1.5.0.202011040924/tools/bin/../lib/gcc/arm-none-eabi/9.3.1/../../../../arm-none-eabi/lib/thumb/v7e-m+fp/hard/libc_nano.a(lib_a-errno.o)
 .ARM.attributes
                0x0000000000000000       0x34 /opt/st/stm32cubeide_1.6.0/plugins/com.st.stm32cube.ide.mcu.externaltools.gnu-tools-for-stm32.9-2020-q2-update.linux64_1.5.0.202011040924/tools/bin/../lib/gcc/arm-none-eabi/9.3.1/../../../../arm-none-eabi/lib/thumb/v7e-m+fp/hard/libc_nano.a(lib_a-errno.o)
 .text          0x0000000000000000        0x0 /opt/st/stm32cubeide_1.6.0/plugins/com.st.stm32cube.ide.mcu.externaltools.gnu-tools-for-stm32.9-2020-q2-update.linux64_1.5.0.202011040924/tools/bin/../lib/gcc/arm-none-eabi/9.3.1/../../../../arm-none-eabi/lib/thumb/v7e-m+fp/hard/libc_nano.a(lib_a-exit.o)
 .data          0x0000000000000000        0x0 /opt/st/stm32cubeide_1.6.0/plugins/com.st.stm32cube.ide.mcu.externaltools.gnu-tools-for-stm32.9-2020-q2-update.linux64_1.5.0.202011040924/tools/bin/../lib/gcc/arm-none-eabi/9.3.1/../../../../arm-none-eabi/lib/thumb/v7e-m+fp/hard/libc_nano.a(lib_a-exit.o)
 .bss           0x0000000000000000        0x0 /opt/st/stm32cubeide_1.6.0/plugins/com.st.stm32cube.ide.mcu.externaltools.gnu-tools-for-stm32.9-2020-q2-update.linux64_1.5.0.202011040924/tools/bin/../lib/gcc/arm-none-eabi/9.3.1/../../../../arm-none-eabi/lib/thumb/v7e-m+fp/hard/libc_nano.a(lib_a-exit.o)
 .text.exit     0x0000000000000000       0x28 /opt/st/stm32cubeide_1.6.0/plugins/com.st.stm32cube.ide.mcu.externaltools.gnu-tools-for-stm32.9-2020-q2-update.linux64_1.5.0.202011040924/tools/bin/../lib/gcc/arm-none-eabi/9.3.1/../../../../arm-none-eabi/lib/thumb/v7e-m+fp/hard/libc_nano.a(lib_a-exit.o)
 .debug_frame   0x0000000000000000       0x28 /opt/st/stm32cubeide_1.6.0/plugins/com.st.stm32cube.ide.mcu.externaltools.gnu-tools-for-stm32.9-2020-q2-update.linux64_1.5.0.202011040924/tools/bin/../lib/gcc/arm-none-eabi/9.3.1/../../../../arm-none-eabi/lib/thumb/v7e-m+fp/hard/libc_nano.a(lib_a-exit.o)
 .ARM.attributes
                0x0000000000000000       0x34 /opt/st/stm32cubeide_1.6.0/plugins/com.st.stm32cube.ide.mcu.externaltools.gnu-tools-for-stm32.9-2020-q2-update.linux64_1.5.0.202011040924/tools/bin/../lib/gcc/arm-none-eabi/9.3.1/../../../../arm-none-eabi/lib/thumb/v7e-m+fp/hard/libc_nano.a(lib_a-exit.o)
 .text          0x0000000000000000        0x0 /opt/st/stm32cubeide_1.6.0/plugins/com.st.stm32cube.ide.mcu.externaltools.gnu-tools-for-stm32.9-2020-q2-update.linux64_1.5.0.202011040924/tools/bin/../lib/gcc/arm-none-eabi/9.3.1/../../../../arm-none-eabi/lib/thumb/v7e-m+fp/hard/libc_nano.a(lib_a-impure.o)
 .data          0x0000000000000000        0x0 /opt/st/stm32cubeide_1.6.0/plugins/com.st.stm32cube.ide.mcu.externaltools.gnu-tools-for-stm32.9-2020-q2-update.linux64_1.5.0.202011040924/tools/bin/../lib/gcc/arm-none-eabi/9.3.1/../../../../arm-none-eabi/lib/thumb/v7e-m+fp/hard/libc_nano.a(lib_a-impure.o)
 .bss           0x0000000000000000        0x0 /opt/st/stm32cubeide_1.6.0/plugins/com.st.stm32cube.ide.mcu.externaltools.gnu-tools-for-stm32.9-2020-q2-update.linux64_1.5.0.202011040924/tools/bin/../lib/gcc/arm-none-eabi/9.3.1/../../../../arm-none-eabi/lib/thumb/v7e-m+fp/hard/libc_nano.a(lib_a-impure.o)
 .data._impure_ptr
                0x0000000000000000        0x4 /opt/st/stm32cubeide_1.6.0/plugins/com.st.stm32cube.ide.mcu.externaltools.gnu-tools-for-stm32.9-2020-q2-update.linux64_1.5.0.202011040924/tools/bin/../lib/gcc/arm-none-eabi/9.3.1/../../../../arm-none-eabi/lib/thumb/v7e-m+fp/hard/libc_nano.a(lib_a-impure.o)
 .data.impure_data
                0x0000000000000000       0x60 /opt/st/stm32cubeide_1.6.0/plugins/com.st.stm32cube.ide.mcu.externaltools.gnu-tools-for-stm32.9-2020-q2-update.linux64_1.5.0.202011040924/tools/bin/../lib/gcc/arm-none-eabi/9.3.1/../../../../arm-none-eabi/lib/thumb/v7e-m+fp/hard/libc_nano.a(lib_a-impure.o)
 .rodata._global_impure_ptr
                0x0000000000000000        0x4 /opt/st/stm32cubeide_1.6.0/plugins/com.st.stm32cube.ide.mcu.externaltools.gnu-tools-for-stm32.9-2020-q2-update.linux64_1.5.0.202011040924/tools/bin/../lib/gcc/arm-none-eabi/9.3.1/../../../../arm-none-eabi/lib/thumb/v7e-m+fp/hard/libc_nano.a(lib_a-impure.o)
 .ARM.attributes
                0x0000000000000000       0x32 /opt/st/stm32cubeide_1.6.0/plugins/com.st.stm32cube.ide.mcu.externaltools.gnu-tools-for-stm32.9-2020-q2-update.linux64_1.5.0.202011040924/tools/bin/../lib/gcc/arm-none-eabi/9.3.1/../../../../arm-none-eabi/lib/thumb/v7e-m+fp/hard/libc_nano.a(lib_a-impure.o)
 .text          0x0000000000000000        0x0 /opt/st/stm32cubeide_1.6.0/plugins/com.st.stm32cube.ide.mcu.externaltools.gnu-tools-for-stm32.9-2020-q2-update.linux64_1.5.0.202011040924/tools/bin/../lib/gcc/arm-none-eabi/9.3.1/../../../../arm-none-eabi/lib/thumb/v7e-m+fp/hard/libc_nano.a(lib_a-init.o)
 .data          0x0000000000000000        0x0 /opt/st/stm32cubeide_1.6.0/plugins/com.st.stm32cube.ide.mcu.externaltools.gnu-tools-for-stm32.9-2020-q2-update.linux64_1.5.0.202011040924/tools/bin/../lib/gcc/arm-none-eabi/9.3.1/../../../../arm-none-eabi/lib/thumb/v7e-m+fp/hard/libc_nano.a(lib_a-init.o)
 .bss           0x0000000000000000        0x0 /opt/st/stm32cubeide_1.6.0/plugins/com.st.stm32cube.ide.mcu.externaltools.gnu-tools-for-stm32.9-2020-q2-update.linux64_1.5.0.202011040924/tools/bin/../lib/gcc/arm-none-eabi/9.3.1/../../../../arm-none-eabi/lib/thumb/v7e-m+fp/hard/libc_nano.a(lib_a-init.o)
 .text          0x0000000000000000        0x0 /opt/st/stm32cubeide_1.6.0/plugins/com.st.stm32cube.ide.mcu.externaltools.gnu-tools-for-stm32.9-2020-q2-update.linux64_1.5.0.202011040924/tools/bin/../lib/gcc/arm-none-eabi/9.3.1/../../../../arm-none-eabi/lib/thumb/v7e-m+fp/hard/libc_nano.a(lib_a-memset.o)
 .data          0x0000000000000000        0x0 /opt/st/stm32cubeide_1.6.0/plugins/com.st.stm32cube.ide.mcu.externaltools.gnu-tools-for-stm32.9-2020-q2-update.linux64_1.5.0.202011040924/tools/bin/../lib/gcc/arm-none-eabi/9.3.1/../../../../arm-none-eabi/lib/thumb/v7e-m+fp/hard/libc_nano.a(lib_a-memset.o)
 .bss           0x0000000000000000        0x0 /opt/st/stm32cubeide_1.6.0/plugins/com.st.stm32cube.ide.mcu.externaltools.gnu-tools-for-stm32.9-2020-q2-update.linux64_1.5.0.202011040924/tools/bin/../lib/gcc/arm-none-eabi/9.3.1/../../../../arm-none-eabi/lib/thumb/v7e-m+fp/hard/libc_nano.a(lib_a-memset.o)
 .text.memset   0x0000000000000000       0x10 /opt/st/stm32cubeide_1.6.0/plugins/com.st.stm32cube.ide.mcu.externaltools.gnu-tools-for-stm32.9-2020-q2-update.linux64_1.5.0.202011040924/tools/bin/../lib/gcc/arm-none-eabi/9.3.1/../../../../arm-none-eabi/lib/thumb/v7e-m+fp/hard/libc_nano.a(lib_a-memset.o)
 .debug_frame   0x0000000000000000       0x20 /opt/st/stm32cubeide_1.6.0/plugins/com.st.stm32cube.ide.mcu.externaltools.gnu-tools-for-stm32.9-2020-q2-update.linux64_1.5.0.202011040924/tools/bin/../lib/gcc/arm-none-eabi/9.3.1/../../../../arm-none-eabi/lib/thumb/v7e-m+fp/hard/libc_nano.a(lib_a-memset.o)
 .ARM.attributes
                0x0000000000000000       0x34 /opt/st/stm32cubeide_1.6.0/plugins/com.st.stm32cube.ide.mcu.externaltools.gnu-tools-for-stm32.9-2020-q2-update.linux64_1.5.0.202011040924/tools/bin/../lib/gcc/arm-none-eabi/9.3.1/../../../../arm-none-eabi/lib/thumb/v7e-m+fp/hard/libc_nano.a(lib_a-memset.o)
 .text          0x0000000000000000        0x0 /opt/st/stm32cubeide_1.6.0/plugins/com.st.stm32cube.ide.mcu.externaltools.gnu-tools-for-stm32.9-2020-q2-update.linux64_1.5.0.202011040924/tools/bin/../lib/gcc/arm-none-eabi/9.3.1/thumb/v7e-m+fp/hard/crtend.o
 .data          0x0000000000000000        0x0 /opt/st/stm32cubeide_1.6.0/plugins/com.st.stm32cube.ide.mcu.externaltools.gnu-tools-for-stm32.9-2020-q2-update.linux64_1.5.0.202011040924/tools/bin/../lib/gcc/arm-none-eabi/9.3.1/thumb/v7e-m+fp/hard/crtend.o
 .bss           0x0000000000000000        0x0 /opt/st/stm32cubeide_1.6.0/plugins/com.st.stm32cube.ide.mcu.externaltools.gnu-tools-for-stm32.9-2020-q2-update.linux64_1.5.0.202011040924/tools/bin/../lib/gcc/arm-none-eabi/9.3.1/thumb/v7e-m+fp/hard/crtend.o
 .eh_frame      0x0000000000000000        0x4 /opt/st/stm32cubeide_1.6.0/plugins/com.st.stm32cube.ide.mcu.externaltools.gnu-tools-for-stm32.9-2020-q2-update.linux64_1.5.0.202011040924/tools/bin/../lib/gcc/arm-none-eabi/9.3.1/thumb/v7e-m+fp/hard/crtend.o
 .ARM.attributes
                0x0000000000000000       0x32 /opt/st/stm32cubeide_1.6.0/plugins/com.st.stm32cube.ide.mcu.externaltools.gnu-tools-for-stm32.9-2020-q2-update.linux64_1.5.0.202011040924/tools/bin/../lib/gcc/arm-none-eabi/9.3.1/thumb/v7e-m+fp/hard/crtend.o
 .text          0x0000000000000000        0x0 /opt/st/stm32cubeide_1.6.0/plugins/com.st.stm32cube.ide.mcu.externaltools.gnu-tools-for-stm32.9-2020-q2-update.linux64_1.5.0.202011040924/tools/bin/../lib/gcc/arm-none-eabi/9.3.1/thumb/v7e-m+fp/hard/crtn.o
 .data          0x0000000000000000        0x0 /opt/st/stm32cubeide_1.6.0/plugins/com.st.stm32cube.ide.mcu.externaltools.gnu-tools-for-stm32.9-2020-q2-update.linux64_1.5.0.202011040924/tools/bin/../lib/gcc/arm-none-eabi/9.3.1/thumb/v7e-m+fp/hard/crtn.o
 .bss           0x0000000000000000        0x0 /opt/st/stm32cubeide_1.6.0/plugins/com.st.stm32cube.ide.mcu.externaltools.gnu-tools-for-stm32.9-2020-q2-update.linux64_1.5.0.202011040924/tools/bin/../lib/gcc/arm-none-eabi/9.3.1/thumb/v7e-m+fp/hard/crtn.o

Memory Configuration

Name             Origin             Length             Attributes
RAM              0x0000000020000000 0x0000000000008000 xrw
FLASH            0x0000000008000000 0x0000000000020000 xr
*default*        0x0000000000000000 0xffffffffffffffff

Linker script and memory map

LOAD /opt/st/stm32cubeide_1.6.0/plugins/com.st.stm32cube.ide.mcu.externaltools.gnu-tools-for-stm32.9-2020-q2-update.linux64_1.5.0.202011040924/tools/bin/../lib/gcc/arm-none-eabi/9.3.1/thumb/v7e-m+fp/hard/crti.o
LOAD /opt/st/stm32cubeide_1.6.0/plugins/com.st.stm32cube.ide.mcu.externaltools.gnu-tools-for-stm32.9-2020-q2-update.linux64_1.5.0.202011040924/tools/bin/../lib/gcc/arm-none-eabi/9.3.1/thumb/v7e-m+fp/hard/crtbegin.o
LOAD /opt/st/stm32cubeide_1.6.0/plugins/com.st.stm32cube.ide.mcu.externaltools.gnu-tools-for-stm32.9-2020-q2-update.linux64_1.5.0.202011040924/tools/bin/../lib/gcc/arm-none-eabi/9.3.1/../../../../arm-none-eabi/lib/thumb/v7e-m+fp/hard/crt0.o
LOAD Src/002led_button.o
LOAD Src/syscalls.o
LOAD Src/sysmem.o
LOAD Startup/startup_stm32f410rbtx.o
LOAD bsp/ds1307.o
LOAD bsp/lcd.o
LOAD drivers/src/stm32f410rb_gpio_driver.o
LOAD drivers/src/stm32f410rb_i2c_driver.o
LOAD drivers/src/stm32f410rb_rcc_driver.o
LOAD drivers/src/stm32f410rb_spi_driver.o
LOAD drivers/src/stm32f410rb_usart_driver.o
START GROUP
LOAD /opt/st/stm32cubeide_1.6.0/plugins/com.st.stm32cube.ide.mcu.externaltools.gnu-tools-for-stm32.9-2020-q2-update.linux64_1.5.0.202011040924/tools/bin/../lib/gcc/arm-none-eabi/9.3.1/../../../../arm-none-eabi/lib/thumb/v7e-m+fp/hard/libc_nano.a
LOAD /opt/st/stm32cubeide_1.6.0/plugins/com.st.stm32cube.ide.mcu.externaltools.gnu-tools-for-stm32.9-2020-q2-update.linux64_1.5.0.202011040924/tools/bin/../lib/gcc/arm-none-eabi/9.3.1/../../../../arm-none-eabi/lib/thumb/v7e-m+fp/hard/libm.a
END GROUP
START GROUP
LOAD /opt/st/stm32cubeide_1.6.0/plugins/com.st.stm32cube.ide.mcu.externaltools.gnu-tools-for-stm32.9-2020-q2-update.linux64_1.5.0.202011040924/tools/bin/../lib/gcc/arm-none-eabi/9.3.1/thumb/v7e-m+fp/hard/libgcc.a
LOAD /opt/st/stm32cubeide_1.6.0/plugins/com.st.stm32cube.ide.mcu.externaltools.gnu-tools-for-stm32.9-2020-q2-update.linux64_1.5.0.202011040924/tools/bin/../lib/gcc/arm-none-eabi/9.3.1/../../../../arm-none-eabi/lib/thumb/v7e-m+fp/hard/libc_nano.a
END GROUP
START GROUP
LOAD /opt/st/stm32cubeide_1.6.0/plugins/com.st.stm32cube.ide.mcu.externaltools.gnu-tools-for-stm32.9-2020-q2-update.linux64_1.5.0.202011040924/tools/bin/../lib/gcc/arm-none-eabi/9.3.1/thumb/v7e-m+fp/hard/libgcc.a
LOAD /opt/st/stm32cubeide_1.6.0/plugins/com.st.stm32cube.ide.mcu.externaltools.gnu-tools-for-stm32.9-2020-q2-update.linux64_1.5.0.202011040924/tools/bin/../lib/gcc/arm-none-eabi/9.3.1/../../../../arm-none-eabi/lib/thumb/v7e-m+fp/hard/libc_nano.a
LOAD /opt/st/stm32cubeide_1.6.0/plugins/com.st.stm32cube.ide.mcu.externaltools.gnu-tools-for-stm32.9-2020-q2-update.linux64_1.5.0.202011040924/tools/bin/../lib/gcc/arm-none-eabi/9.3.1/../../../../arm-none-eabi/lib/thumb/v7e-m+fp/hard/libnosys.a
END GROUP
START GROUP
LOAD /opt/st/stm32cubeide_1.6.0/plugins/com.st.stm32cube.ide.mcu.externaltools.gnu-tools-for-stm32.9-2020-q2-update.linux64_1.5.0.202011040924/tools/bin/../lib/gcc/arm-none-eabi/9.3.1/thumb/v7e-m+fp/hard/libgcc.a
LOAD /opt/st/stm32cubeide_1.6.0/plugins/com.st.stm32cube.ide.mcu.externaltools.gnu-tools-for-stm32.9-2020-q2-update.linux64_1.5.0.202011040924/tools/bin/../lib/gcc/arm-none-eabi/9.3.1/../../../../arm-none-eabi/lib/thumb/v7e-m+fp/hard/libc_nano.a
LOAD /opt/st/stm32cubeide_1.6.0/plugins/com.st.stm32cube.ide.mcu.externaltools.gnu-tools-for-stm32.9-2020-q2-update.linux64_1.5.0.202011040924/tools/bin/../lib/gcc/arm-none-eabi/9.3.1/../../../../arm-none-eabi/lib/thumb/v7e-m+fp/hard/libnosys.a
END GROUP
LOAD /opt/st/stm32cubeide_1.6.0/plugins/com.st.stm32cube.ide.mcu.externaltools.gnu-tools-for-stm32.9-2020-q2-update.linux64_1.5.0.202011040924/tools/bin/../lib/gcc/arm-none-eabi/9.3.1/thumb/v7e-m+fp/hard/crtend.o
LOAD /opt/st/stm32cubeide_1.6.0/plugins/com.st.stm32cube.ide.mcu.externaltools.gnu-tools-for-stm32.9-2020-q2-update.linux64_1.5.0.202011040924/tools/bin/../lib/gcc/arm-none-eabi/9.3.1/thumb/v7e-m+fp/hard/crtn.o
                0x0000000020008000                _estack = (ORIGIN (RAM) + LENGTH (RAM))
                0x0000000000000200                _Min_Heap_Size = 0x200
                0x0000000000000400                _Min_Stack_Size = 0x400

.isr_vector     0x0000000008000000      0x1c8
                0x0000000008000000                . = ALIGN (0x4)
 *(.isr_vector)
 .isr_vector    0x0000000008000000      0x1c8 Startup/startup_stm32f410rbtx.o
                0x0000000008000000                g_pfnVectors
                0x00000000080001c8                . = ALIGN (0x4)

.text           0x00000000080001c8      0x5a0
                0x00000000080001c8                . = ALIGN (0x4)
 *(.text)
 .text          0x00000000080001c8       0x40 /opt/st/stm32cubeide_1.6.0/plugins/com.st.stm32cube.ide.mcu.externaltools.gnu-tools-for-stm32.9-2020-q2-update.linux64_1.5.0.202011040924/tools/bin/../lib/gcc/arm-none-eabi/9.3.1/thumb/v7e-m+fp/hard/crtbegin.o
 *(.text*)
 .text.delay    0x0000000008000208       0x2c Src/002led_button.o
                0x0000000008000208                delay
 .text.main     0x0000000008000234       0x78 Src/002led_button.o
                0x0000000008000234                main
 .text.Reset_Handler
                0x00000000080002ac       0x50 Startup/startup_stm32f410rbtx.o
                0x00000000080002ac                Reset_Handler
 .text.Default_Handler
                0x00000000080002fc        0x2 Startup/startup_stm32f410rbtx.o
                0x00000000080002fc                RTC_Alarm_IRQHandler
                0x00000000080002fc                EXTI2_IRQHandler
                0x00000000080002fc                DebugMon_Handler
                0x00000000080002fc                TIM1_CC_IRQHandler
                0x00000000080002fc                HardFault_Handler
                0x00000000080002fc                SysTick_Handler
                0x00000000080002fc                PVD_IRQHandler
                0x00000000080002fc                TAMP_STAMP_IRQHandler
                0x00000000080002fc                PendSV_Handler
                0x00000000080002fc                NMI_Handler
                0x00000000080002fc                EXTI3_IRQHandler
                0x00000000080002fc                EXTI0_IRQHandler
                0x00000000080002fc                I2C2_EV_IRQHandler
                0x00000000080002fc                FPU_IRQHandler
                0x00000000080002fc                UsageFault_Handler
                0x00000000080002fc                SPI1_IRQHandler
                0x00000000080002fc                TIM1_BRK_TIM9_IRQHandler
                0x00000000080002fc                USART6_IRQHandler
                0x00000000080002fc                PWM1_UP_IRQHandler
                0x00000000080002fc                I2C1_EV_IRQHandler
                0x00000000080002fc                RCC_IRQHandler
                0x00000000080002fc                Default_Handler
                0x00000000080002fc                EXTI15_10_IRQHandler
                0x00000000080002fc                ADC_IRQHandler
                0x00000000080002fc                TIM6_DAC1_IRQHandler
                0x00000000080002fc                EXTI9_5_IRQHandler
                0x00000000080002fc                RTC_WKUP_IRQHandler
                0x00000000080002fc                SPI2_IRQHandler
                0x00000000080002fc                MemManage_Handler
                0x00000000080002fc                SVC_Handler
                0x00000000080002fc                EXTI4_IRQHandler
                0x00000000080002fc                RNG_IRQHandler
                0x00000000080002fc                I2C4_EV_IRQHandler
                0x00000000080002fc                TIM1_TRG_COM_TIM11_IRQHandler
                0x00000000080002fc                EXTI1_IRQHandler
                0x00000000080002fc                USART2_IRQHandler
                0x00000000080002fc                I2C2_ER_IRQHandler
                0x00000000080002fc                FLASH_IRQHandler
                0x00000000080002fc                BusFault_Handler
                0x00000000080002fc                USART1_IRQHandler
                0x00000000080002fc                I2C1_ER_IRQHandler
                0x00000000080002fc                LPTIM1_IRQHandler
                0x00000000080002fc                I2C4_ER_IRQHandler
 *fill*         0x00000000080002fe        0x2 
 .text.GPIO_PeriClockControl
                0x0000000008000300       0xe0 drivers/src/stm32f410rb_gpio_driver.o
                0x0000000008000300                GPIO_PeriClockControl
 .text.GPIO_Init
                0x00000000080003e0      0x2d0 drivers/src/stm32f410rb_gpio_driver.o
                0x00000000080003e0                GPIO_Init
 .text.GPIO_ReadFromInputPin
                0x00000000080006b0       0x2c drivers/src/stm32f410rb_gpio_driver.o
                0x00000000080006b0                GPIO_ReadFromInputPin
 .text.GPIO_ToggleOutputPin
                0x00000000080006dc       0x2a drivers/src/stm32f410rb_gpio_driver.o
                0x00000000080006dc                GPIO_ToggleOutputPin
 *fill*         0x0000000008000706        0x2 
 .text.__libc_init_array
                0x0000000008000708       0x48 /opt/st/stm32cubeide_1.6.0/plugins/com.st.stm32cube.ide.mcu.externaltools.gnu-tools-for-stm32.9-2020-q2-update.linux64_1.5.0.202011040924/tools/bin/../lib/gcc/arm-none-eabi/9.3.1/../../../../arm-none-eabi/lib/thumb/v7e-m+fp/hard/libc_nano.a(lib_a-init.o)
                0x0000000008000708                __libc_init_array
 *(.glue_7)
 .glue_7        0x0000000008000750        0x0 linker stubs
 *(.glue_7t)
 .glue_7t       0x0000000008000750        0x0 linker stubs
 *(.eh_frame)
 .eh_frame      0x0000000008000750        0x0 /opt/st/stm32cubeide_1.6.0/plugins/com.st.stm32cube.ide.mcu.externaltools.gnu-tools-for-stm32.9-2020-q2-update.linux64_1.5.0.202011040924/tools/bin/../lib/gcc/arm-none-eabi/9.3.1/thumb/v7e-m+fp/hard/crtbegin.o
 *(.init)
 .init          0x0000000008000750        0x4 /opt/st/stm32cubeide_1.6.0/plugins/com.st.stm32cube.ide.mcu.externaltools.gnu-tools-for-stm32.9-2020-q2-update.linux64_1.5.0.202011040924/tools/bin/../lib/gcc/arm-none-eabi/9.3.1/thumb/v7e-m+fp/hard/crti.o
                0x0000000008000750                _init
 .init          0x0000000008000754        0x8 /opt/st/stm32cubeide_1.6.0/plugins/com.st.stm32cube.ide.mcu.externaltools.gnu-tools-for-stm32.9-2020-q2-update.linux64_1.5.0.202011040924/tools/bin/../lib/gcc/arm-none-eabi/9.3.1/thumb/v7e-m+fp/hard/crtn.o
 *(.fini)
 .fini          0x000000000800075c        0x4 /opt/st/stm32cubeide_1.6.0/plugins/com.st.stm32cube.ide.mcu.externaltools.gnu-tools-for-stm32.9-2020-q2-update.linux64_1.5.0.202011040924/tools/bin/../lib/gcc/arm-none-eabi/9.3.1/thumb/v7e-m+fp/hard/crti.o
                0x000000000800075c                _fini
 .fini          0x0000000008000760        0x8 /opt/st/stm32cubeide_1.6.0/plugins/com.st.stm32cube.ide.mcu.externaltools.gnu-tools-for-stm32.9-2020-q2-update.linux64_1.5.0.202011040924/tools/bin/../lib/gcc/arm-none-eabi/9.3.1/thumb/v7e-m+fp/hard/crtn.o
                0x0000000008000768                . = ALIGN (0x4)
                0x0000000008000768                _etext = .

.vfp11_veneer   0x0000000008000768        0x0
 .vfp11_veneer  0x0000000008000768        0x0 linker stubs

.v4_bx          0x0000000008000768        0x0
 .v4_bx         0x0000000008000768        0x0 linker stubs

.iplt           0x0000000008000768        0x0
 .iplt          0x0000000008000768        0x0 /opt/st/stm32cubeide_1.6.0/plugins/com.st.stm32cube.ide.mcu.externaltools.gnu-tools-for-stm32.9-2020-q2-update.linux64_1.5.0.202011040924/tools/bin/../lib/gcc/arm-none-eabi/9.3.1/thumb/v7e-m+fp/hard/crtbegin.o

.rel.dyn        0x0000000008000768        0x0
 .rel.iplt      0x0000000008000768        0x0 /opt/st/stm32cubeide_1.6.0/plugins/com.st.stm32cube.ide.mcu.externaltools.gnu-tools-for-stm32.9-2020-q2-update.linux64_1.5.0.202011040924/tools/bin/../lib/gcc/arm-none-eabi/9.3.1/thumb/v7e-m+fp/hard/crtbegin.o

.rodata         0x0000000008000768        0x0
                0x0000000008000768                . = ALIGN (0x4)
 *(.rodata)
 *(.rodata*)
                0x0000000008000768                . = ALIGN (0x4)

.ARM.extab      0x0000000008000768        0x0
                0x0000000008000768                . = ALIGN (0x4)
 *(.ARM.extab* .gnu.linkonce.armextab.*)
                0x0000000008000768                . = ALIGN (0x4)

.ARM            0x0000000008000768        0x0
                0x0000000008000768                . = ALIGN (0x4)
                0x0000000008000768                __exidx_start = .
 *(.ARM.exidx*)
                0x0000000008000768                __exidx_end = .
                0x0000000008000768                . = ALIGN (0x4)

.preinit_array  0x0000000008000768        0x0
                0x0000000008000768                . = ALIGN (0x4)
                0x0000000008000768                PROVIDE (__preinit_array_start = .)
 *(.preinit_array*)
                0x0000000008000768                PROVIDE (__preinit_array_end = .)
                0x0000000008000768                . = ALIGN (0x4)

.init_array     0x0000000008000768        0x4
                0x0000000008000768                . = ALIGN (0x4)
                0x0000000008000768                PROVIDE (__init_array_start = .)
 *(SORT_BY_NAME(.init_array.*))
 *(.init_array*)
 .init_array    0x0000000008000768        0x4 /opt/st/stm32cubeide_1.6.0/plugins/com.st.stm32cube.ide.mcu.externaltools.gnu-tools-for-stm32.9-2020-q2-update.linux64_1.5.0.202011040924/tools/bin/../lib/gcc/arm-none-eabi/9.3.1/thumb/v7e-m+fp/hard/crtbegin.o
                0x000000000800076c                PROVIDE (__init_array_end = .)
                0x000000000800076c                . = ALIGN (0x4)

.fini_array     0x000000000800076c        0x4
                0x000000000800076c                . = ALIGN (0x4)
                [!provide]                        PROVIDE (__fini_array_start = .)
 *(SORT_BY_NAME(.fini_array.*))
 *(.fini_array*)
 .fini_array    0x000000000800076c        0x4 /opt/st/stm32cubeide_1.6.0/plugins/com.st.stm32cube.ide.mcu.externaltools.gnu-tools-for-stm32.9-2020-q2-update.linux64_1.5.0.202011040924/tools/bin/../lib/gcc/arm-none-eabi/9.3.1/thumb/v7e-m+fp/hard/crtbegin.o
                [!provide]                        PROVIDE (__fini_array_end = .)
                0x0000000008000770                . = ALIGN (0x4)
                0x0000000008000770                _sidata = LOADADDR (.data)

.data           0x0000000020000000        0x0 load address 0x0000000008000770
                0x0000000020000000                . = ALIGN (0x4)
                0x0000000020000000                _sdata = .
 *(.data)
 *(.data*)
 *(.RamFunc)
 *(.RamFunc*)
                0x0000000020000000                . = ALIGN (0x4)
                0x0000000020000000                _edata = .

.igot.plt       0x0000000020000000        0x0 load address 0x0000000008000770
 .igot.plt      0x0000000020000000        0x0 /opt/st/stm32cubeide_1.6.0/plugins/com.st.stm32cube.ide.mcu.externaltools.gnu-tools-for-stm32.9-2020-q2-update.linux64_1.5.0.202011040924/tools/bin/../lib/gcc/arm-none-eabi/9.3.1/thumb/v7e-m+fp/hard/crtbegin.o
                0x0000000020000000                . = ALIGN (0x4)

.bss            0x0000000020000000       0x1c load address 0x0000000008000770
                0x0000000020000000                _sbss = .
                0x0000000020000000                __bss_start__ = _sbss
 *(.bss)
 .bss           0x0000000020000000       0x1c /opt/st/stm32cubeide_1.6.0/plugins/com.st.stm32cube.ide.mcu.externaltools.gnu-tools-for-stm32.9-2020-q2-update.linux64_1.5.0.202011040924/tools/bin/../lib/gcc/arm-none-eabi/9.3.1/thumb/v7e-m+fp/hard/crtbegin.o
 *(.bss*)
 *(COMMON)
                0x000000002000001c                . = ALIGN (0x4)
                0x000000002000001c                _ebss = .
                0x000000002000001c                __bss_end__ = _ebss

._user_heap_stack
                0x000000002000001c      0x604 load address 0x0000000008000770
                0x0000000020000020                . = ALIGN (0x8)
 *fill*         0x000000002000001c        0x4 
                [!provide]                        PROVIDE (end = .)
                0x0000000020000020                PROVIDE (_end = .)
                0x0000000020000220                . = (. + _Min_Heap_Size)
 *fill*         0x0000000020000020      0x200 
                0x0000000020000620                . = (. + _Min_Stack_Size)
 *fill*         0x0000000020000220      0x400 
                0x0000000020000620                . = ALIGN (0x8)

/DISCARD/
 libc.a(*)
 libm.a(*)
 libgcc.a(*)

.ARM.attributes
                0x0000000000000000       0x30
 *(.ARM.attributes)
 .ARM.attributes
                0x0000000000000000       0x1e /opt/st/stm32cubeide_1.6.0/plugins/com.st.stm32cube.ide.mcu.externaltools.gnu-tools-for-stm32.9-2020-q2-update.linux64_1.5.0.202011040924/tools/bin/../lib/gcc/arm-none-eabi/9.3.1/thumb/v7e-m+fp/hard/crti.o
 .ARM.attributes
                0x000000000000001e       0x34 /opt/st/stm32cubeide_1.6.0/plugins/com.st.stm32cube.ide.mcu.externaltools.gnu-tools-for-stm32.9-2020-q2-update.linux64_1.5.0.202011040924/tools/bin/../lib/gcc/arm-none-eabi/9.3.1/thumb/v7e-m+fp/hard/crtbegin.o
 .ARM.attributes
                0x0000000000000052       0x34 Src/002led_button.o
 .ARM.attributes
                0x0000000000000086       0x21 Startup/startup_stm32f410rbtx.o
 .ARM.attributes
                0x00000000000000a7       0x34 drivers/src/stm32f410rb_gpio_driver.o
 .ARM.attributes
                0x00000000000000db       0x34 /opt/st/stm32cubeide_1.6.0/plugins/com.st.stm32cube.ide.mcu.externaltools.gnu-tools-for-stm32.9-2020-q2-update.linux64_1.5.0.202011040924/tools/bin/../lib/gcc/arm-none-eabi/9.3.1/../../../../arm-none-eabi/lib/thumb/v7e-m+fp/hard/libc_nano.a(lib_a-init.o)
 .ARM.attributes
                0x000000000000010f       0x1e /opt/st/stm32cubeide_1.6.0/plugins/com.st.stm32cube.ide.mcu.externaltools.gnu-tools-for-stm32.9-2020-q2-update.linux64_1.5.0.202011040924/tools/bin/../lib/gcc/arm-none-eabi/9.3.1/thumb/v7e-m+fp/hard/crtn.o
OUTPUT(stm32f410rb_drivers.elf elf32-littlearm)
LOAD linker stubs
LOAD /opt/st/stm32cubeide_1.6.0/plugins/com.st.stm32cube.ide.mcu.externaltools.gnu-tools-for-stm32.9-2020-q2-update.linux64_1.5.0.202011040924/tools/bin/../lib/gcc/arm-none-eabi/9.3.1/../../../../arm-none-eabi/lib/thumb/v7e-m+fp/hard/libc.a
LOAD /opt/st/stm32cubeide_1.6.0/plugins/com.st.stm32cube.ide.mcu.externaltools.gnu-tools-for-stm32.9-2020-q2-update.linux64_1.5.0.202011040924/tools/bin/../lib/gcc/arm-none-eabi/9.3.1/../../../../arm-none-eabi/lib/thumb/v7e-m+fp/hard/libm.a
LOAD /opt/st/stm32cubeide_1.6.0/plugins/com.st.stm32cube.ide.mcu.externaltools.gnu-tools-for-stm32.9-2020-q2-update.linux64_1.5.0.202011040924/tools/bin/../lib/gcc/arm-none-eabi/9.3.1/thumb/v7e-m+fp/hard/libgcc.a

.debug_info     0x0000000000000000      0x9c7
 .debug_info    0x0000000000000000      0x249 Src/002led_button.o
 .debug_info    0x0000000000000249       0x22 Startup/startup_stm32f410rbtx.o
 .debug_info    0x000000000000026b      0x75c drivers/src/stm32f410rb_gpio_driver.o

.debug_abbrev   0x0000000000000000      0x239
 .debug_abbrev  0x0000000000000000       0xf2 Src/002led_button.o
 .debug_abbrev  0x00000000000000f2       0x12 Startup/startup_stm32f410rbtx.o
 .debug_abbrev  0x0000000000000104      0x135 drivers/src/stm32f410rb_gpio_driver.o

.debug_aranges  0x0000000000000000       0xc0
 .debug_aranges
                0x0000000000000000       0x28 Src/002led_button.o
 .debug_aranges
                0x0000000000000028       0x28 Startup/startup_stm32f410rbtx.o
 .debug_aranges
                0x0000000000000050       0x70 drivers/src/stm32f410rb_gpio_driver.o

.debug_ranges   0x0000000000000000       0x98
 .debug_ranges  0x0000000000000000       0x18 Src/002led_button.o
 .debug_ranges  0x0000000000000018       0x20 Startup/startup_stm32f410rbtx.o
 .debug_ranges  0x0000000000000038       0x60 drivers/src/stm32f410rb_gpio_driver.o

.debug_macro    0x0000000000000000     0x1d28
 .debug_macro   0x0000000000000000       0xce Src/002led_button.o
 .debug_macro   0x00000000000000ce      0xab4 Src/002led_button.o
 .debug_macro   0x0000000000000b82       0x22 Src/002led_button.o
 .debug_macro   0x0000000000000ba4       0x8e Src/002led_button.o
 .debug_macro   0x0000000000000c32       0x51 Src/002led_button.o
 .debug_macro   0x0000000000000c83      0x103 Src/002led_button.o
 .debug_macro   0x0000000000000d86       0x6a Src/002led_button.o
 .debug_macro   0x0000000000000df0      0x1df Src/002led_button.o
 .debug_macro   0x0000000000000fcf      0x174 Src/002led_button.o
 .debug_macro   0x0000000000001143      0x6f7 Src/002led_button.o
 .debug_macro   0x000000000000183a       0xc4 Src/002led_button.o
 .debug_macro   0x00000000000018fe       0xca Src/002led_button.o
 .debug_macro   0x00000000000019c8       0xd0 Src/002led_button.o
 .debug_macro   0x0000000000001a98      0x100 Src/002led_button.o
 .debug_macro   0x0000000000001b98       0xcc drivers/src/stm32f410rb_gpio_driver.o
 .debug_macro   0x0000000000001c64       0xc4 drivers/src/stm32f410rb_gpio_driver.o

.debug_line     0x0000000000000000      0xe53
 .debug_line    0x0000000000000000      0x4e3 Src/002led_button.o
 .debug_line    0x00000000000004e3       0x84 Startup/startup_stm32f410rbtx.o
 .debug_line    0x0000000000000567      0x8ec drivers/src/stm32f410rb_gpio_driver.o

.debug_str      0x0000000000000000     0x68cc
 .debug_str     0x0000000000000000     0x65e3 Src/002led_button.o
                                       0x67d7 (size before relaxing)
 .debug_str     0x00000000000065e3       0x31 Startup/startup_stm32f410rbtx.o
                                         0xa1 (size before relaxing)
 .debug_str     0x0000000000006614      0x2b8 drivers/src/stm32f410rb_gpio_driver.o
                                       0x6a65 (size before relaxing)

.comment        0x0000000000000000       0x53
 .comment       0x0000000000000000       0x53 Src/002led_button.o
                                         0x54 (size before relaxing)
 .comment       0x0000000000000053       0x54 drivers/src/stm32f410rb_gpio_driver.o

.debug_frame    0x0000000000000000      0x24c
 .debug_frame   0x0000000000000000       0x58 Src/002led_button.o
 .debug_frame   0x0000000000000058      0x1c8 drivers/src/stm32f410rb_gpio_driver.o
 .debug_frame   0x0000000000000220       0x2c /opt/st/stm32cubeide_1.6.0/plugins/com.st.stm32cube.ide.mcu.externaltools.gnu-tools-for-stm32.9-2020-q2-update.linux64_1.5.0.202011040924/tools/bin/../lib/gcc/arm-none-eabi/9.3.1/../../../../arm-none-eabi/lib/thumb/v7e-m+fp/hard/libc_nano.a(lib_a-init.o)
