Archive member included to satisfy reference by file (symbol)

/home/simon/Ac6/SystemWorkbench/plugins/fr.ac6.mcu.externaltools.arm-none.linux64_1.17.0.201812190825/tools/compiler/bin/../lib/gcc/arm-none-eabi/7.3.1/thumb/v7e-m/fpv4-sp/hard/libgcc.a(_aeabi_uldivmod.o)
                              Drivers/STM32F4xx_HAL_Driver/Src/stm32f4xx_hal_rcc.o (__aeabi_uldivmod)
/home/simon/Ac6/SystemWorkbench/plugins/fr.ac6.mcu.externaltools.arm-none.linux64_1.17.0.201812190825/tools/compiler/bin/../lib/gcc/arm-none-eabi/7.3.1/thumb/v7e-m/fpv4-sp/hard/libgcc.a(_udivmoddi4.o)
                              /home/simon/Ac6/SystemWorkbench/plugins/fr.ac6.mcu.externaltools.arm-none.linux64_1.17.0.201812190825/tools/compiler/bin/../lib/gcc/arm-none-eabi/7.3.1/thumb/v7e-m/fpv4-sp/hard/libgcc.a(_aeabi_uldivmod.o) (__udivmoddi4)
/home/simon/Ac6/SystemWorkbench/plugins/fr.ac6.mcu.externaltools.arm-none.linux64_1.17.0.201812190825/tools/compiler/bin/../lib/gcc/arm-none-eabi/7.3.1/thumb/v7e-m/fpv4-sp/hard/libgcc.a(_dvmd_tls.o)
                              /home/simon/Ac6/SystemWorkbench/plugins/fr.ac6.mcu.externaltools.arm-none.linux64_1.17.0.201812190825/tools/compiler/bin/../lib/gcc/arm-none-eabi/7.3.1/thumb/v7e-m/fpv4-sp/hard/libgcc.a(_aeabi_uldivmod.o) (__aeabi_ldiv0)
/home/simon/Ac6/SystemWorkbench/plugins/fr.ac6.mcu.externaltools.arm-none.linux64_1.17.0.201812190825/tools/compiler/bin/../lib/gcc/arm-none-eabi/7.3.1/../../../../arm-none-eabi/lib/thumb/v7e-m/fpv4-sp/hard/libc_nano.a(lib_a-errno.o)
                              Core/Src/syscalls.o (__errno)
/home/simon/Ac6/SystemWorkbench/plugins/fr.ac6.mcu.externaltools.arm-none.linux64_1.17.0.201812190825/tools/compiler/bin/../lib/gcc/arm-none-eabi/7.3.1/../../../../arm-none-eabi/lib/thumb/v7e-m/fpv4-sp/hard/libc_nano.a(lib_a-exit.o)
                              /home/simon/Ac6/SystemWorkbench/plugins/fr.ac6.mcu.externaltools.arm-none.linux64_1.17.0.201812190825/tools/compiler/bin/../lib/gcc/arm-none-eabi/7.3.1/../../../../arm-none-eabi/lib/thumb/v7e-m/fpv4-sp/hard/crt0.o (exit)
/home/simon/Ac6/SystemWorkbench/plugins/fr.ac6.mcu.externaltools.arm-none.linux64_1.17.0.201812190825/tools/compiler/bin/../lib/gcc/arm-none-eabi/7.3.1/../../../../arm-none-eabi/lib/thumb/v7e-m/fpv4-sp/hard/libc_nano.a(lib_a-impure.o)
                              /home/simon/Ac6/SystemWorkbench/plugins/fr.ac6.mcu.externaltools.arm-none.linux64_1.17.0.201812190825/tools/compiler/bin/../lib/gcc/arm-none-eabi/7.3.1/../../../../arm-none-eabi/lib/thumb/v7e-m/fpv4-sp/hard/libc_nano.a(lib_a-exit.o) (_global_impure_ptr)
/home/simon/Ac6/SystemWorkbench/plugins/fr.ac6.mcu.externaltools.arm-none.linux64_1.17.0.201812190825/tools/compiler/bin/../lib/gcc/arm-none-eabi/7.3.1/../../../../arm-none-eabi/lib/thumb/v7e-m/fpv4-sp/hard/libc_nano.a(lib_a-init.o)
                              /home/simon/Ac6/SystemWorkbench/plugins/fr.ac6.mcu.externaltools.arm-none.linux64_1.17.0.201812190825/tools/compiler/bin/../lib/gcc/arm-none-eabi/7.3.1/../../../../arm-none-eabi/lib/thumb/v7e-m/fpv4-sp/hard/crt0.o (__libc_init_array)
/home/simon/Ac6/SystemWorkbench/plugins/fr.ac6.mcu.externaltools.arm-none.linux64_1.17.0.201812190825/tools/compiler/bin/../lib/gcc/arm-none-eabi/7.3.1/../../../../arm-none-eabi/lib/thumb/v7e-m/fpv4-sp/hard/libc_nano.a(lib_a-memset.o)
                              /home/simon/Ac6/SystemWorkbench/plugins/fr.ac6.mcu.externaltools.arm-none.linux64_1.17.0.201812190825/tools/compiler/bin/../lib/gcc/arm-none-eabi/7.3.1/../../../../arm-none-eabi/lib/thumb/v7e-m/fpv4-sp/hard/crt0.o (memset)

Allocating common symbols
Common symbol       size              file

uwTick              0x4               Drivers/STM32F4xx_HAL_Driver/Src/stm32f4xx_hal.o
pFlash              0x20              Drivers/STM32F4xx_HAL_Driver/Src/stm32f4xx_hal_flash.o
htimer6             0x48              Core/Src/main.o

Discarded input sections

 .text          0x0000000000000000        0x0 /home/simon/Ac6/SystemWorkbench/plugins/fr.ac6.mcu.externaltools.arm-none.linux64_1.17.0.201812190825/tools/compiler/bin/../lib/gcc/arm-none-eabi/7.3.1/thumb/v7e-m/fpv4-sp/hard/crti.o
 .data          0x0000000000000000        0x0 /home/simon/Ac6/SystemWorkbench/plugins/fr.ac6.mcu.externaltools.arm-none.linux64_1.17.0.201812190825/tools/compiler/bin/../lib/gcc/arm-none-eabi/7.3.1/thumb/v7e-m/fpv4-sp/hard/crti.o
 .bss           0x0000000000000000        0x0 /home/simon/Ac6/SystemWorkbench/plugins/fr.ac6.mcu.externaltools.arm-none.linux64_1.17.0.201812190825/tools/compiler/bin/../lib/gcc/arm-none-eabi/7.3.1/thumb/v7e-m/fpv4-sp/hard/crti.o
 .data          0x0000000000000000        0x4 /home/simon/Ac6/SystemWorkbench/plugins/fr.ac6.mcu.externaltools.arm-none.linux64_1.17.0.201812190825/tools/compiler/bin/../lib/gcc/arm-none-eabi/7.3.1/thumb/v7e-m/fpv4-sp/hard/crtbegin.o
[...]
Memory Configuration

Name             Origin             Length             Attributes
RAM              0x0000000020000000 0x0000000000008000 xrw
FLASH            0x0000000008000000 0x0000000000020000 xr
*default*        0x0000000000000000 0xffffffffffffffff

Linker script and memory map

LOAD /home/simon/Ac6/SystemWorkbench/plugins/fr.ac6.mcu.externaltools.arm-none.linux64_1.17.0.201812190825/tools/compiler/bin/../lib/gcc/arm-none-eabi/7.3.1/thumb/v7e-m/fpv4-sp/hard/crti.o
LOAD /home/simon/Ac6/SystemWorkbench/plugins/fr.ac6.mcu.externaltools.arm-none.linux64_1.17.0.201812190825/tools/compiler/bin/../lib/gcc/arm-none-eabi/7.3.1/thumb/v7e-m/fpv4-sp/hard/crtbegin.o
LOAD /home/simon/Ac6/SystemWorkbench/plugins/fr.ac6.mcu.externaltools.arm-none.linux64_1.17.0.201812190825/tools/compiler/bin/../lib/gcc/arm-none-eabi/7.3.1/../../../../arm-none-eabi/lib/thumb/v7e-m/fpv4-sp/hard/crt0.o
LOAD Core/Src/it.o
LOAD Core/Src/main.o
LOAD Core/Src/msp.o
LOAD Core/Src/syscalls.o
LOAD Core/Src/system_stm32f4xx.o
LOAD Drivers/STM32F4xx_HAL_Driver/Src/stm32f4xx_hal.o
LOAD Drivers/STM32F4xx_HAL_Driver/Src/stm32f4xx_hal_cortex.o
LOAD Drivers/STM32F4xx_HAL_Driver/Src/stm32f4xx_hal_dma.o
LOAD Drivers/STM32F4xx_HAL_Driver/Src/stm32f4xx_hal_dma_ex.o
LOAD Drivers/STM32F4xx_HAL_Driver/Src/stm32f4xx_hal_exti.o
LOAD Drivers/STM32F4xx_HAL_Driver/Src/stm32f4xx_hal_flash.o
LOAD Drivers/STM32F4xx_HAL_Driver/Src/stm32f4xx_hal_flash_ex.o
LOAD Drivers/STM32F4xx_HAL_Driver/Src/stm32f4xx_hal_flash_ramfunc.o
LOAD Drivers/STM32F4xx_HAL_Driver/Src/stm32f4xx_hal_gpio.o
LOAD Drivers/STM32F4xx_HAL_Driver/Src/stm32f4xx_hal_pwr.o
LOAD Drivers/STM32F4xx_HAL_Driver/Src/stm32f4xx_hal_pwr_ex.o
LOAD Drivers/STM32F4xx_HAL_Driver/Src/stm32f4xx_hal_rcc.o
LOAD Drivers/STM32F4xx_HAL_Driver/Src/stm32f4xx_hal_rcc_ex.o
LOAD Drivers/STM32F4xx_HAL_Driver/Src/stm32f4xx_hal_tim.o
LOAD Drivers/STM32F4xx_HAL_Driver/Src/stm32f4xx_hal_tim_ex.o
LOAD Drivers/STM32F4xx_HAL_Driver/Src/stm32f4xx_hal_uart.o
LOAD startup/startup_stm32f410rx.o
LOAD /home/simon/Ac6/SystemWorkbench/plugins/fr.ac6.mcu.externaltools.arm-none.linux64_1.17.0.201812190825/tools/compiler/bin/../lib/gcc/arm-none-eabi/7.3.1/../../../../arm-none-eabi/lib/thumb/v7e-m/fpv4-sp/hard/libm.a
START GROUP
LOAD /home/simon/Ac6/SystemWorkbench/plugins/fr.ac6.mcu.externaltools.arm-none.linux64_1.17.0.201812190825/tools/compiler/bin/../lib/gcc/arm-none-eabi/7.3.1/thumb/v7e-m/fpv4-sp/hard/libgcc.a
LOAD /home/simon/Ac6/SystemWorkbench/plugins/fr.ac6.mcu.externaltools.arm-none.linux64_1.17.0.201812190825/tools/compiler/bin/../lib/gcc/arm-none-eabi/7.3.1/../../../../arm-none-eabi/lib/thumb/v7e-m/fpv4-sp/hard/libc_nano.a
END GROUP
START GROUP
LOAD /home/simon/Ac6/SystemWorkbench/plugins/fr.ac6.mcu.externaltools.arm-none.linux64_1.17.0.201812190825/tools/compiler/bin/../lib/gcc/arm-none-eabi/7.3.1/thumb/v7e-m/fpv4-sp/hard/libgcc.a
LOAD /home/simon/Ac6/SystemWorkbench/plugins/fr.ac6.mcu.externaltools.arm-none.linux64_1.17.0.201812190825/tools/compiler/bin/../lib/gcc/arm-none-eabi/7.3.1/../../../../arm-none-eabi/lib/thumb/v7e-m/fpv4-sp/hard/libc_nano.a
LOAD /home/simon/Ac6/SystemWorkbench/plugins/fr.ac6.mcu.externaltools.arm-none.linux64_1.17.0.201812190825/tools/compiler/bin/../lib/gcc/arm-none-eabi/7.3.1/../../../../arm-none-eabi/lib/thumb/v7e-m/fpv4-sp/hard/libnosys.a
END GROUP
START GROUP
LOAD /home/simon/Ac6/SystemWorkbench/plugins/fr.ac6.mcu.externaltools.arm-none.linux64_1.17.0.201812190825/tools/compiler/bin/../lib/gcc/arm-none-eabi/7.3.1/thumb/v7e-m/fpv4-sp/hard/libgcc.a
LOAD /home/simon/Ac6/SystemWorkbench/plugins/fr.ac6.mcu.externaltools.arm-none.linux64_1.17.0.201812190825/tools/compiler/bin/../lib/gcc/arm-none-eabi/7.3.1/../../../../arm-none-eabi/lib/thumb/v7e-m/fpv4-sp/hard/libc_nano.a
LOAD /home/simon/Ac6/SystemWorkbench/plugins/fr.ac6.mcu.externaltools.arm-none.linux64_1.17.0.201812190825/tools/compiler/bin/../lib/gcc/arm-none-eabi/7.3.1/../../../../arm-none-eabi/lib/thumb/v7e-m/fpv4-sp/hard/libnosys.a
END GROUP
LOAD /home/simon/Ac6/SystemWorkbench/plugins/fr.ac6.mcu.externaltools.arm-none.linux64_1.17.0.201812190825/tools/compiler/bin/../lib/gcc/arm-none-eabi/7.3.1/thumb/v7e-m/fpv4-sp/hard/crtend.o
LOAD /home/simon/Ac6/SystemWorkbench/plugins/fr.ac6.mcu.externaltools.arm-none.linux64_1.17.0.201812190825/tools/compiler/bin/../lib/gcc/arm-none-eabi/7.3.1/thumb/v7e-m/fpv4-sp/hard/crtn.o
                0x0000000020008000                _estack = 0x20008000
                0x0000000000000200                _Min_Heap_Size = 0x200
                0x0000000000000400                _Min_Stack_Size = 0x400

.isr_vector     0x0000000008000000      0x1c8
                0x0000000008000000                . = ALIGN (0x4)
 *(.isr_vector)
 .isr_vector    0x0000000008000000      0x1c8 startup/startup_stm32f410rx.o
                0x0000000008000000                g_pfnVectors
                0x00000000080001c8                . = ALIGN (0x4)

.text           0x00000000080001c8     0x1248
                0x00000000080001c8                . = ALIGN (0x4)
 *(.text)
 .text          0x00000000080001c8       0x40 /home/simon/Ac6/SystemWorkbench/plugins/fr.ac6.mcu.externaltools.arm-none.linux64_1.17.0.201812190825/tools/compiler/bin/../lib/gcc/arm-none-eabi/7.3.1/thumb/v7e-m/fpv4-sp/hard/crtbegin.o
 .text          0x0000000008000208       0x30 /home/simon/Ac6/SystemWorkbench/plugins/fr.ac6.mcu.externaltools.arm-none.linux64_1.17.0.201812190825/tools/compiler/bin/../lib/gcc/arm-none-eabi/7.3.1/thumb/v7e-m/fpv4-sp/hard/libgcc.a(_aeabi_uldivmod.o)
                0x0000000008000208                __aeabi_uldivmod
 .text          0x0000000008000238      0x2cc /home/simon/Ac6/SystemWorkbench/plugins/fr.ac6.mcu.externaltools.arm-none.linux64_1.17.0.201812190825/tools/compiler/bin/../lib/gcc/arm-none-eabi/7.3.1/thumb/v7e-m/fpv4-sp/hard/libgcc.a(_udivmoddi4.o)
                0x0000000008000238                __udivmoddi4
 .text          0x0000000008000504        0x4 /home/simon/Ac6/SystemWorkbench/plugins/fr.ac6.mcu.externaltools.arm-none.linux64_1.17.0.201812190825/tools/compiler/bin/../lib/gcc/arm-none-eabi/7.3.1/thumb/v7e-m/fpv4-sp/hard/libgcc.a(_dvmd_tls.o)
                0x0000000008000504                __aeabi_ldiv0
                0x0000000008000504                __aeabi_idiv0
 *(.text*)
 .text.SysTick_Handler
                0x0000000008000508        0xc Core/Src/it.o
                0x0000000008000508                SysTick_Handler
 .text.TIM6_DAC_IRQHandler
                0x0000000008000514       0x10 Core/Src/it.o
                0x0000000008000514                TIM6_DAC_IRQHandler
 .text.HAL_TIM_PeriodElapsedCallback
                0x0000000008000524       0x10 Core/Src/main.o
                0x0000000008000524                HAL_TIM_PeriodElapsedCallback
 .text.GPIO_Init
                0x0000000008000534       0x3c Core/Src/main.o
                0x0000000008000534                GPIO_Init
 .text.Error_handler
                0x0000000008000570        0x2 Core/Src/main.o
                0x0000000008000570                Error_handler
 *fill*         0x0000000008000572        0x2 
 .text.SystemClockConfig
                0x0000000008000574       0xdc Core/Src/main.o
                0x0000000008000574                SystemClockConfig
 .text.Timer6_Init
                0x0000000008000650       0x24 Core/Src/main.o
                0x0000000008000650                Timer6_Init
 .text.main     0x0000000008000674       0x20 Core/Src/main.o
                0x0000000008000674                main
 .text.HAL_MspInit
                0x0000000008000694       0x3c Core/Src/msp.o
                0x0000000008000694                HAL_MspInit
 .text.HAL_TIM_Base_MspInit
                0x00000000080006d0       0x34 Core/Src/msp.o
                0x00000000080006d0                HAL_TIM_Base_MspInit
 .text.SystemInit
                0x0000000008000704       0x14 Core/Src/system_stm32f4xx.o
                0x0000000008000704                SystemInit
 .text.HAL_InitTick
                0x0000000008000718       0x48 Drivers/STM32F4xx_HAL_Driver/Src/stm32f4xx_hal.o
                0x0000000008000718                HAL_InitTick
 .text.HAL_Init
                0x0000000008000760       0x34 Drivers/STM32F4xx_HAL_Driver/Src/stm32f4xx_hal.o
                0x0000000008000760                HAL_Init
 .text.HAL_IncTick
                0x0000000008000794       0x18 Drivers/STM32F4xx_HAL_Driver/Src/stm32f4xx_hal.o
                0x0000000008000794                HAL_IncTick
 .text.HAL_GetTick
                0x00000000080007ac        0xc Drivers/STM32F4xx_HAL_Driver/Src/stm32f4xx_hal.o
                0x00000000080007ac                HAL_GetTick
 .text.HAL_NVIC_SetPriorityGrouping
                0x00000000080007b8       0x24 Drivers/STM32F4xx_HAL_Driver/Src/stm32f4xx_hal_cortex.o
                0x00000000080007b8                HAL_NVIC_SetPriorityGrouping
 .text.HAL_NVIC_SetPriority
                0x00000000080007dc       0x68 Drivers/STM32F4xx_HAL_Driver/Src/stm32f4xx_hal_cortex.o
                0x00000000080007dc                HAL_NVIC_SetPriority
 .text.HAL_NVIC_EnableIRQ
                0x0000000008000844       0x1c Drivers/STM32F4xx_HAL_Driver/Src/stm32f4xx_hal_cortex.o
                0x0000000008000844                HAL_NVIC_EnableIRQ
 .text.HAL_SYSTICK_Config
                0x0000000008000860       0x2c Drivers/STM32F4xx_HAL_Driver/Src/stm32f4xx_hal_cortex.o
                0x0000000008000860                HAL_SYSTICK_Config
 .text.HAL_SYSTICK_CLKSourceConfig
                0x000000000800088c       0x20 Drivers/STM32F4xx_HAL_Driver/Src/stm32f4xx_hal_cortex.o
                0x000000000800088c                HAL_SYSTICK_CLKSourceConfig
 .text.HAL_SYSTICK_Callback
                0x00000000080008ac        0x2 Drivers/STM32F4xx_HAL_Driver/Src/stm32f4xx_hal_cortex.o
                0x00000000080008ac                HAL_SYSTICK_Callback
 .text.HAL_SYSTICK_IRQHandler
                0x00000000080008ae        0x8 Drivers/STM32F4xx_HAL_Driver/Src/stm32f4xx_hal_cortex.o
                0x00000000080008ae                HAL_SYSTICK_IRQHandler
 *fill*         0x00000000080008b6        0x2 
 .text.HAL_GPIO_Init
                0x00000000080008b8      0x198 Drivers/STM32F4xx_HAL_Driver/Src/stm32f4xx_hal_gpio.o
                0x00000000080008b8                HAL_GPIO_Init
 .text.HAL_GPIO_TogglePin
                0x0000000008000a50       0x12 Drivers/STM32F4xx_HAL_Driver/Src/stm32f4xx_hal_gpio.o
                0x0000000008000a50                HAL_GPIO_TogglePin
 *fill*         0x0000000008000a62        0x2 
 .text.HAL_RCC_GetSysClockFreq
                0x0000000008000a64       0xd8 Drivers/STM32F4xx_HAL_Driver/Src/stm32f4xx_hal_rcc.o
                0x0000000008000a64                HAL_RCC_GetSysClockFreq
 .text.HAL_RCC_ClockConfig
                0x0000000008000b3c      0x160 Drivers/STM32F4xx_HAL_Driver/Src/stm32f4xx_hal_rcc.o
                0x0000000008000b3c                HAL_RCC_ClockConfig
 .text.HAL_RCC_GetHCLKFreq
                0x0000000008000c9c        0xc Drivers/STM32F4xx_HAL_Driver/Src/stm32f4xx_hal_rcc.o
                0x0000000008000c9c                HAL_RCC_GetHCLKFreq
 .text.HAL_RCC_OscConfig
                0x0000000008000ca8      0x40c Drivers/STM32F4xx_HAL_Driver/Src/stm32f4xx_hal_rcc_ex.o
                0x0000000008000ca8                HAL_RCC_OscConfig
 .text.HAL_TIM_Base_Start_IT
                0x00000000080010b4       0x60 Drivers/STM32F4xx_HAL_Driver/Src/stm32f4xx_hal_tim.o
                0x00000000080010b4                HAL_TIM_Base_Start_IT
 .text.HAL_TIM_OC_DelayElapsedCallback
                0x0000000008001114        0x2 Drivers/STM32F4xx_HAL_Driver/Src/stm32f4xx_hal_tim.o
                0x0000000008001114                HAL_TIM_OC_DelayElapsedCallback
 .text.HAL_TIM_IC_CaptureCallback
                0x0000000008001116        0x2 Drivers/STM32F4xx_HAL_Driver/Src/stm32f4xx_hal_tim.o
                0x0000000008001116                HAL_TIM_IC_CaptureCallback
 .text.HAL_TIM_PWM_PulseFinishedCallback
                0x0000000008001118        0x2 Drivers/STM32F4xx_HAL_Driver/Src/stm32f4xx_hal_tim.o
                0x0000000008001118                HAL_TIM_PWM_PulseFinishedCallback
 .text.HAL_TIM_TriggerCallback
                0x000000000800111a        0x2 Drivers/STM32F4xx_HAL_Driver/Src/stm32f4xx_hal_tim.o
                0x000000000800111a                HAL_TIM_TriggerCallback
 .text.HAL_TIM_IRQHandler
                0x000000000800111c      0x17a Drivers/STM32F4xx_HAL_Driver/Src/stm32f4xx_hal_tim.o
                0x000000000800111c                HAL_TIM_IRQHandler
 *fill*         0x0000000008001296        0x2 
 .text.TIM_Base_SetConfig
                0x0000000008001298       0x68 Drivers/STM32F4xx_HAL_Driver/Src/stm32f4xx_hal_tim.o
                0x0000000008001298                TIM_Base_SetConfig
 .text.HAL_TIM_Base_Init
                0x0000000008001300       0x56 Drivers/STM32F4xx_HAL_Driver/Src/stm32f4xx_hal_tim.o
                0x0000000008001300                HAL_TIM_Base_Init
 .text.HAL_TIMEx_CommutCallback
                0x0000000008001356        0x2 Drivers/STM32F4xx_HAL_Driver/Src/stm32f4xx_hal_tim_ex.o
                0x0000000008001356                HAL_TIMEx_CommutCallback
 .text.HAL_TIMEx_BreakCallback
                0x0000000008001358        0x2 Drivers/STM32F4xx_HAL_Driver/Src/stm32f4xx_hal_tim_ex.o
                0x0000000008001358                HAL_TIMEx_BreakCallback
 *fill*         0x000000000800135a        0x2 
 .text.Reset_Handler
                0x000000000800135c       0x50 startup/startup_stm32f410rx.o
                0x000000000800135c                Reset_Handler
 .text.Default_Handler
                0x00000000080013ac        0x2 startup/startup_stm32f410rx.o
                0x00000000080013ac                RTC_Alarm_IRQHandler
                0x00000000080013ac                EXTI2_IRQHandler
                0x00000000080013ac                DebugMon_Handler
                0x00000000080013ac                FMPI2C1_EV_IRQHandler
                0x00000000080013ac                TIM1_CC_IRQHandler
                0x00000000080013ac                DMA2_Stream5_IRQHandler
                0x00000000080013ac                HardFault_Handler
                0x00000000080013ac                DMA1_Stream5_IRQHandler
                0x00000000080013ac                PVD_IRQHandler
                0x00000000080013ac                TAMP_STAMP_IRQHandler
                0x00000000080013ac                PendSV_Handler
                0x00000000080013ac                NMI_Handler
                0x00000000080013ac                EXTI3_IRQHandler
                0x00000000080013ac                EXTI0_IRQHandler
                0x00000000080013ac                I2C2_EV_IRQHandler
                0x00000000080013ac                DMA1_Stream2_IRQHandler
                0x00000000080013ac                FPU_IRQHandler
                0x00000000080013ac                UsageFault_Handler
                0x00000000080013ac                DMA2_Stream2_IRQHandler
                0x00000000080013ac                SPI1_IRQHandler
                0x00000000080013ac                TIM1_BRK_TIM9_IRQHandler
                0x00000000080013ac                DMA2_Stream3_IRQHandler
                0x00000000080013ac                USART6_IRQHandler
                0x00000000080013ac                DMA2_Stream0_IRQHandler
                0x00000000080013ac                I2C1_EV_IRQHandler
                0x00000000080013ac                DMA1_Stream6_IRQHandler
                0x00000000080013ac                DMA1_Stream1_IRQHandler
                0x00000000080013ac                RCC_IRQHandler
                0x00000000080013ac                Default_Handler
                0x00000000080013ac                EXTI15_10_IRQHandler
                0x00000000080013ac                ADC_IRQHandler
                0x00000000080013ac                DMA1_Stream7_IRQHandler
                0x00000000080013ac                SPI5_IRQHandler
                0x00000000080013ac                TIM5_IRQHandler
                0x00000000080013ac                DMA2_Stream7_IRQHandler
                0x00000000080013ac                EXTI9_5_IRQHandler
                0x00000000080013ac                RTC_WKUP_IRQHandler
                0x00000000080013ac                SPI2_IRQHandler
                0x00000000080013ac                MemManage_Handler
                0x00000000080013ac                DMA1_Stream0_IRQHandler
                0x00000000080013ac                SVC_Handler
                0x00000000080013ac                FMPI2C1_ER_IRQHandler
                0x00000000080013ac                EXTI4_IRQHandler
                0x00000000080013ac                RNG_IRQHandler
                0x00000000080013ac                TIM1_UP_IRQHandler
                0x00000000080013ac                WWDG_IRQHandler
                0x00000000080013ac                TIM1_TRG_COM_TIM11_IRQHandler
                0x00000000080013ac                EXTI1_IRQHandler
                0x00000000080013ac                USART2_IRQHandler
                0x00000000080013ac                I2C2_ER_IRQHandler
                0x00000000080013ac                DMA2_Stream1_IRQHandler
                0x00000000080013ac                FLASH_IRQHandler
                0x00000000080013ac                DMA2_Stream4_IRQHandler
                0x00000000080013ac                BusFault_Handler
                0x00000000080013ac                USART1_IRQHandler
                0x00000000080013ac                DMA1_Stream4_IRQHandler
                0x00000000080013ac                I2C1_ER_IRQHandler
                0x00000000080013ac                LPTIM1_IRQHandler
                0x00000000080013ac                DMA2_Stream6_IRQHandler
                0x00000000080013ac                DMA1_Stream3_IRQHandler
 *fill*         0x00000000080013ae        0x2 
 .text.__libc_init_array
                0x00000000080013b0       0x48 /home/simon/Ac6/SystemWorkbench/plugins/fr.ac6.mcu.externaltools.arm-none.linux64_1.17.0.201812190825/tools/compiler/bin/../lib/gcc/arm-none-eabi/7.3.1/../../../../arm-none-eabi/lib/thumb/v7e-m/fpv4-sp/hard/libc_nano.a(lib_a-init.o)
                0x00000000080013b0                __libc_init_array
 *(.glue_7)
 .glue_7        0x00000000080013f8        0x0 linker stubs
 *(.glue_7t)
 .glue_7t       0x00000000080013f8        0x0 linker stubs
 *(.eh_frame)
 .eh_frame      0x00000000080013f8        0x0 /home/simon/Ac6/SystemWorkbench/plugins/fr.ac6.mcu.externaltools.arm-none.linux64_1.17.0.201812190825/tools/compiler/bin/../lib/gcc/arm-none-eabi/7.3.1/thumb/v7e-m/fpv4-sp/hard/crtbegin.o
 *(.init)
 .init          0x00000000080013f8        0x4 /home/simon/Ac6/SystemWorkbench/plugins/fr.ac6.mcu.externaltools.arm-none.linux64_1.17.0.201812190825/tools/compiler/bin/../lib/gcc/arm-none-eabi/7.3.1/thumb/v7e-m/fpv4-sp/hard/crti.o
                0x00000000080013f8                _init
 .init          0x00000000080013fc        0x8 /home/simon/Ac6/SystemWorkbench/plugins/fr.ac6.mcu.externaltools.arm-none.linux64_1.17.0.201812190825/tools/compiler/bin/../lib/gcc/arm-none-eabi/7.3.1/thumb/v7e-m/fpv4-sp/hard/crtn.o
 *(.fini)
 .fini          0x0000000008001404        0x4 /home/simon/Ac6/SystemWorkbench/plugins/fr.ac6.mcu.externaltools.arm-none.linux64_1.17.0.201812190825/tools/compiler/bin/../lib/gcc/arm-none-eabi/7.3.1/thumb/v7e-m/fpv4-sp/hard/crti.o
                0x0000000008001404                _fini
 .fini          0x0000000008001408        0x8 /home/simon/Ac6/SystemWorkbench/plugins/fr.ac6.mcu.externaltools.arm-none.linux64_1.17.0.201812190825/tools/compiler/bin/../lib/gcc/arm-none-eabi/7.3.1/thumb/v7e-m/fpv4-sp/hard/crtn.o
                0x0000000008001410                . = ALIGN (0x4)
                0x0000000008001410                _etext = .

.vfp11_veneer   0x0000000008001410        0x0
 .vfp11_veneer  0x0000000008001410        0x0 linker stubs

.v4_bx          0x0000000008001410        0x0
 .v4_bx         0x0000000008001410        0x0 linker stubs

.iplt           0x0000000008001410        0x0
 .iplt          0x0000000008001410        0x0 /home/simon/Ac6/SystemWorkbench/plugins/fr.ac6.mcu.externaltools.arm-none.linux64_1.17.0.201812190825/tools/compiler/bin/../lib/gcc/arm-none-eabi/7.3.1/thumb/v7e-m/fpv4-sp/hard/crtbegin.o

.rodata         0x0000000008001410       0x18
                0x0000000008001410                . = ALIGN (0x4)
 *(.rodata)
 .rodata        0x0000000008001410       0x18 Core/Src/system_stm32f4xx.o
                0x0000000008001410                AHBPrescTable
                0x0000000008001420                APBPrescTable
 *(.rodata*)
                0x0000000008001428                . = ALIGN (0x4)

.ARM.extab
 *(.ARM.extab* .gnu.linkonce.armextab.*)

.ARM            0x0000000008001428        0x8
                0x0000000008001428                __exidx_start = .
 *(.ARM.exidx*)
 .ARM.exidx     0x0000000008001428        0x8 /home/simon/Ac6/SystemWorkbench/plugins/fr.ac6.mcu.externaltools.arm-none.linux64_1.17.0.201812190825/tools/compiler/bin/../lib/gcc/arm-none-eabi/7.3.1/thumb/v7e-m/fpv4-sp/hard/libgcc.a(_udivmoddi4.o)
                0x0000000008001430                __exidx_end = .

.rel.dyn        0x0000000008001430        0x0
 .rel.iplt      0x0000000008001430        0x0 /home/simon/Ac6/SystemWorkbench/plugins/fr.ac6.mcu.externaltools.arm-none.linux64_1.17.0.201812190825/tools/compiler/bin/../lib/gcc/arm-none-eabi/7.3.1/thumb/v7e-m/fpv4-sp/hard/crtbegin.o

.preinit_array  0x0000000008001430        0x0
                0x0000000008001430                PROVIDE (__preinit_array_start = .)
 *(.preinit_array*)
                0x0000000008001430                PROVIDE (__preinit_array_end = .)

.init_array     0x0000000008001430        0x4
                0x0000000008001430                PROVIDE (__init_array_start = .)
 *(SORT_BY_NAME(.init_array.*))
 *(.init_array*)
 .init_array    0x0000000008001430        0x4 /home/simon/Ac6/SystemWorkbench/plugins/fr.ac6.mcu.externaltools.arm-none.linux64_1.17.0.201812190825/tools/compiler/bin/../lib/gcc/arm-none-eabi/7.3.1/thumb/v7e-m/fpv4-sp/hard/crtbegin.o
                0x0000000008001434                PROVIDE (__init_array_end = .)

.fini_array     0x0000000008001434        0x4
                [!provide]                        PROVIDE (__fini_array_start = .)
 *(SORT_BY_NAME(.fini_array.*))
 *(.fini_array*)
 .fini_array    0x0000000008001434        0x4 /home/simon/Ac6/SystemWorkbench/plugins/fr.ac6.mcu.externaltools.arm-none.linux64_1.17.0.201812190825/tools/compiler/bin/../lib/gcc/arm-none-eabi/7.3.1/thumb/v7e-m/fpv4-sp/hard/crtbegin.o
                [!provide]                        PROVIDE (__fini_array_end = .)
                0x0000000008001438                _sidata = LOADADDR (.data)

.data           0x0000000020000000        0xc load address 0x0000000008001438
                0x0000000020000000                . = ALIGN (0x4)
                0x0000000020000000                _sdata = .
 *(.data)
 .data          0x0000000020000000        0x4 Core/Src/system_stm32f4xx.o
                0x0000000020000000                SystemCoreClock
 .data          0x0000000020000004        0x8 Drivers/STM32F4xx_HAL_Driver/Src/stm32f4xx_hal.o
                0x0000000020000004                uwTickFreq
                0x0000000020000008                uwTickPrio
 *(.data*)
                0x000000002000000c                . = ALIGN (0x4)
                0x000000002000000c                _edata = .

.igot.plt       0x000000002000000c        0x0 load address 0x0000000008001444
 .igot.plt      0x000000002000000c        0x0 /home/simon/Ac6/SystemWorkbench/plugins/fr.ac6.mcu.externaltools.arm-none.linux64_1.17.0.201812190825/tools/compiler/bin/../lib/gcc/arm-none-eabi/7.3.1/thumb/v7e-m/fpv4-sp/hard/crtbegin.o
                0x000000002000000c                . = ALIGN (0x4)

.bss            0x000000002000000c       0x68 load address 0x0000000008001444
                0x000000002000000c                _sbss = .
                0x000000002000000c                __bss_start__ = _sbss
 *(.bss)
 .bss           0x000000002000000c       0x1c /home/simon/Ac6/SystemWorkbench/plugins/fr.ac6.mcu.externaltools.arm-none.linux64_1.17.0.201812190825/tools/compiler/bin/../lib/gcc/arm-none-eabi/7.3.1/thumb/v7e-m/fpv4-sp/hard/crtbegin.o
 *(.bss*)
 *(COMMON)
 COMMON         0x0000000020000028       0x48 Core/Src/main.o
                0x0000000020000028                htimer6
 COMMON         0x0000000020000070        0x4 Drivers/STM32F4xx_HAL_Driver/Src/stm32f4xx_hal.o
                0x0000000020000070                uwTick
                0x0000000020000074                . = ALIGN (0x4)
                0x0000000020000074                _ebss = .
                0x0000000020000074                __bss_end__ = _ebss

._user_heap_stack
                0x0000000020000074      0x604 load address 0x0000000008001444
                0x0000000020000078                . = ALIGN (0x8)
 *fill*         0x0000000020000074        0x4 
                0x0000000020000078                PROVIDE (end = .)
                [!provide]                        PROVIDE (_end = .)
                0x0000000020000278                . = (. + _Min_Heap_Size)
 *fill*         0x0000000020000078      0x200 
                0x0000000020000678                . = (. + _Min_Stack_Size)
 *fill*         0x0000000020000278      0x400 
                0x0000000020000678                . = ALIGN (0x8)

/DISCARD/
 libc.a(*)
 libm.a(*)
 libgcc.a(*)

.ARM.attributes
                0x0000000000000000       0x30
 *(.ARM.attributes)
 .ARM.attributes
                0x0000000000000000       0x22 /home/simon/Ac6/SystemWorkbench/plugins/fr.ac6.mcu.externaltools.arm-none.linux64_1.17.0.201812190825/tools/compiler/bin/../lib/gcc/arm-none-eabi/7.3.1/thumb/v7e-m/fpv4-sp/hard/crti.o
 .ARM.attributes
                0x0000000000000022       0x34 /home/simon/Ac6/SystemWorkbench/plugins/fr.ac6.mcu.externaltools.arm-none.linux64_1.17.0.201812190825/tools/compiler/bin/../lib/gcc/arm-none-eabi/7.3.1/thumb/v7e-m/fpv4-sp/hard/crtbegin.o
 .ARM.attributes
                0x0000000000000056       0x39 Core/Src/it.o
 .ARM.attributes
                0x000000000000008f       0x39 Core/Src/main.o
 .ARM.attributes
                0x00000000000000c8       0x39 Core/Src/msp.o
 .ARM.attributes
                0x0000000000000101       0x39 Core/Src/system_stm32f4xx.o
 .ARM.attributes
                0x000000000000013a       0x39 Drivers/STM32F4xx_HAL_Driver/Src/stm32f4xx_hal.o
 .ARM.attributes
                0x0000000000000173       0x39 Drivers/STM32F4xx_HAL_Driver/Src/stm32f4xx_hal_cortex.o
 .ARM.attributes
                0x00000000000001ac       0x39 Drivers/STM32F4xx_HAL_Driver/Src/stm32f4xx_hal_gpio.o
 .ARM.attributes
                0x00000000000001e5       0x39 Drivers/STM32F4xx_HAL_Driver/Src/stm32f4xx_hal_rcc.o
 .ARM.attributes
                0x000000000000021e       0x39 Drivers/STM32F4xx_HAL_Driver/Src/stm32f4xx_hal_rcc_ex.o
 .ARM.attributes
                0x0000000000000257       0x39 Drivers/STM32F4xx_HAL_Driver/Src/stm32f4xx_hal_tim.o
 .ARM.attributes
                0x0000000000000290       0x39 Drivers/STM32F4xx_HAL_Driver/Src/stm32f4xx_hal_tim_ex.o
 .ARM.attributes
                0x00000000000002c9       0x21 startup/startup_stm32f410rx.o
 .ARM.attributes
                0x00000000000002ea       0x22 /home/simon/Ac6/SystemWorkbench/plugins/fr.ac6.mcu.externaltools.arm-none.linux64_1.17.0.201812190825/tools/compiler/bin/../lib/gcc/arm-none-eabi/7.3.1/thumb/v7e-m/fpv4-sp/hard/libgcc.a(_aeabi_uldivmod.o)
 .ARM.attributes
                0x000000000000030c       0x34 /home/simon/Ac6/SystemWorkbench/plugins/fr.ac6.mcu.externaltools.arm-none.linux64_1.17.0.201812190825/tools/compiler/bin/../lib/gcc/arm-none-eabi/7.3.1/thumb/v7e-m/fpv4-sp/hard/libgcc.a(_udivmoddi4.o)
 .ARM.attributes
                0x0000000000000340       0x22 /home/simon/Ac6/SystemWorkbench/plugins/fr.ac6.mcu.externaltools.arm-none.linux64_1.17.0.201812190825/tools/compiler/bin/../lib/gcc/arm-none-eabi/7.3.1/thumb/v7e-m/fpv4-sp/hard/libgcc.a(_dvmd_tls.o)
 .ARM.attributes
                0x0000000000000362       0x34 /home/simon/Ac6/SystemWorkbench/plugins/fr.ac6.mcu.externaltools.arm-none.linux64_1.17.0.201812190825/tools/compiler/bin/../lib/gcc/arm-none-eabi/7.3.1/../../../../arm-none-eabi/lib/thumb/v7e-m/fpv4-sp/hard/libc_nano.a(lib_a-init.o)
 .ARM.attributes
                0x0000000000000396       0x22 /home/simon/Ac6/SystemWorkbench/plugins/fr.ac6.mcu.externaltools.arm-none.linux64_1.17.0.201812190825/tools/compiler/bin/../lib/gcc/arm-none-eabi/7.3.1/thumb/v7e-m/fpv4-sp/hard/crtn.o
OUTPUT(TIME_BASE_10micro.elf elf32-littlearm)

.debug_info     0x0000000000000000     0xaa44
 .debug_info    0x0000000000000000      0x743 Core/Src/it.o
 .debug_info    0x0000000000000743      0xec9 Core/Src/main.o
 .debug_info    0x000000000000160c      0xc95 Core/Src/msp.o
 .debug_info    0x00000000000022a1      0x542 Core/Src/system_stm32f4xx.o
 .debug_info    0x00000000000027e3      0x926 Drivers/STM32F4xx_HAL_Driver/Src/stm32f4xx_hal.o
 .debug_info    0x0000000000003109      0xede Drivers/STM32F4xx_HAL_Driver/Src/stm32f4xx_hal_cortex.o
 .debug_info    0x0000000000003fe7      0x7d2 Drivers/STM32F4xx_HAL_Driver/Src/stm32f4xx_hal_gpio.o
 .debug_info    0x00000000000047b9      0xa89 Drivers/STM32F4xx_HAL_Driver/Src/stm32f4xx_hal_rcc.o
 .debug_info    0x0000000000005242      0x83c Drivers/STM32F4xx_HAL_Driver/Src/stm32f4xx_hal_rcc_ex.o
 .debug_info    0x0000000000005a7e     0x3735 Drivers/STM32F4xx_HAL_Driver/Src/stm32f4xx_hal_tim.o
 .debug_info    0x00000000000091b3     0x186f Drivers/STM32F4xx_HAL_Driver/Src/stm32f4xx_hal_tim_ex.o
 .debug_info    0x000000000000aa22       0x22 startup/startup_stm32f410rx.o

.debug_abbrev   0x0000000000000000     0x16a8
 .debug_abbrev  0x0000000000000000      0x198 Core/Src/it.o
 .debug_abbrev  0x0000000000000198      0x22a Core/Src/main.o
 .debug_abbrev  0x00000000000003c2      0x1ba Core/Src/msp.o
 .debug_abbrev  0x000000000000057c      0x12b Core/Src/system_stm32f4xx.o
 .debug_abbrev  0x00000000000006a7      0x218 Drivers/STM32F4xx_HAL_Driver/Src/stm32f4xx_hal.o
 .debug_abbrev  0x00000000000008bf      0x328 Drivers/STM32F4xx_HAL_Driver/Src/stm32f4xx_hal_cortex.o
 .debug_abbrev  0x0000000000000be7      0x1e7 Drivers/STM32F4xx_HAL_Driver/Src/stm32f4xx_hal_gpio.o
 .debug_abbrev  0x0000000000000dce      0x273 Drivers/STM32F4xx_HAL_Driver/Src/stm32f4xx_hal_rcc.o
 .debug_abbrev  0x0000000000001041      0x1ad Drivers/STM32F4xx_HAL_Driver/Src/stm32f4xx_hal_rcc_ex.o
 .debug_abbrev  0x00000000000011ee      0x244 Drivers/STM32F4xx_HAL_Driver/Src/stm32f4xx_hal_tim.o
 .debug_abbrev  0x0000000000001432      0x264 Drivers/STM32F4xx_HAL_Driver/Src/stm32f4xx_hal_tim_ex.o
 .debug_abbrev  0x0000000000001696       0x12 startup/startup_stm32f410rx.o

.debug_aranges  0x0000000000000000      0x8e8
 .debug_aranges
                0x0000000000000000       0x28 Core/Src/it.o
 .debug_aranges
                0x0000000000000028       0x48 Core/Src/main.o
 .debug_aranges
                0x0000000000000070       0x28 Core/Src/msp.o
 .debug_aranges
                0x0000000000000098       0x28 Core/Src/system_stm32f4xx.o
 .debug_aranges
                0x00000000000000c0       0xf0 Drivers/STM32F4xx_HAL_Driver/Src/stm32f4xx_hal.o
 .debug_aranges
                0x00000000000001b0       0xa8 Drivers/STM32F4xx_HAL_Driver/Src/stm32f4xx_hal_cortex.o
 .debug_aranges
                0x0000000000000258       0x58 Drivers/STM32F4xx_HAL_Driver/Src/stm32f4xx_hal_gpio.o
 .debug_aranges
                0x00000000000002b0       0x88 Drivers/STM32F4xx_HAL_Driver/Src/stm32f4xx_hal_rcc.o
 .debug_aranges
                0x0000000000000338       0x50 Drivers/STM32F4xx_HAL_Driver/Src/stm32f4xx_hal_rcc_ex.o
 .debug_aranges
                0x0000000000000388      0x3d0 Drivers/STM32F4xx_HAL_Driver/Src/stm32f4xx_hal_tim.o
 .debug_aranges
                0x0000000000000758      0x168 Drivers/STM32F4xx_HAL_Driver/Src/stm32f4xx_hal_tim_ex.o
 .debug_aranges
                0x00000000000008c0       0x28 startup/startup_stm32f410rx.o

.debug_ranges   0x0000000000000000      0x8c0
 .debug_ranges  0x0000000000000000       0x18 Core/Src/it.o
 .debug_ranges  0x0000000000000018       0x38 Core/Src/main.o
 .debug_ranges  0x0000000000000050       0x18 Core/Src/msp.o
 .debug_ranges  0x0000000000000068       0x18 Core/Src/system_stm32f4xx.o
 .debug_ranges  0x0000000000000080       0xe0 Drivers/STM32F4xx_HAL_Driver/Src/stm32f4xx_hal.o
 .debug_ranges  0x0000000000000160       0xf8 Drivers/STM32F4xx_HAL_Driver/Src/stm32f4xx_hal_cortex.o
 .debug_ranges  0x0000000000000258       0x48 Drivers/STM32F4xx_HAL_Driver/Src/stm32f4xx_hal_gpio.o
 .debug_ranges  0x00000000000002a0       0x90 Drivers/STM32F4xx_HAL_Driver/Src/stm32f4xx_hal_rcc.o
 .debug_ranges  0x0000000000000330       0x58 Drivers/STM32F4xx_HAL_Driver/Src/stm32f4xx_hal_rcc_ex.o
 .debug_ranges  0x0000000000000388      0x3c0 Drivers/STM32F4xx_HAL_Driver/Src/stm32f4xx_hal_tim.o
 .debug_ranges  0x0000000000000748      0x158 Drivers/STM32F4xx_HAL_Driver/Src/stm32f4xx_hal_tim_ex.o
 .debug_ranges  0x00000000000008a0       0x20 startup/startup_stm32f410rx.o

.debug_macro    0x0000000000000000    0x136ff
 .debug_macro   0x0000000000000000      0x1dd Core/Src/it.o
 .debug_macro   0x00000000000001dd      0xa54 Core/Src/it.o
 .debug_macro   0x0000000000000c31      0x29b Core/Src/it.o
 .debug_macro   0x0000000000000ecc       0x2e Core/Src/it.o
 .debug_macro   0x0000000000000efa       0x28 Core/Src/it.o
 .debug_macro   0x0000000000000f22       0x22 Core/Src/it.o
 .debug_macro   0x0000000000000f44       0x8e Core/Src/it.o
 .debug_macro   0x0000000000000fd2       0x51 Core/Src/it.o
 .debug_macro   0x0000000000001023       0xef Core/Src/it.o
 .debug_macro   0x0000000000001112       0x6a Core/Src/it.o
 .debug_macro   0x000000000000117c      0x1df Core/Src/it.o
 .debug_macro   0x000000000000135b       0x1c Core/Src/it.o
 .debug_macro   0x0000000000001377       0x22 Core/Src/it.o
 .debug_macro   0x0000000000001399       0xdf Core/Src/it.o
 .debug_macro   0x0000000000001478     0x102d Core/Src/it.o
 .debug_macro   0x00000000000024a5      0x11f Core/Src/it.o
 .debug_macro   0x00000000000025c4     0x9ca4 Core/Src/it.o
 .debug_macro   0x000000000000c268       0x6d Core/Src/it.o
 .debug_macro   0x000000000000c2d5     0x3666 Core/Src/it.o
 .debug_macro   0x000000000000f93b      0x174 Core/Src/it.o
 .debug_macro   0x000000000000faaf       0x5c Core/Src/it.o
 .debug_macro   0x000000000000fb0b      0x39f Core/Src/it.o
 .debug_macro   0x000000000000feaa      0x9fe Core/Src/it.o
 .debug_macro   0x00000000000108a8      0x116 Core/Src/it.o
 .debug_macro   0x00000000000109be       0xc0 Core/Src/it.o
 .debug_macro   0x0000000000010a7e       0xa5 Core/Src/it.o
 .debug_macro   0x0000000000010b23      0x157 Core/Src/it.o
 .debug_macro   0x0000000000010c7a      0x287 Core/Src/it.o
 .debug_macro   0x0000000000010f01       0x5f Core/Src/it.o
 .debug_macro   0x0000000000010f60      0x236 Core/Src/it.o
 .debug_macro   0x0000000000011196      0x132 Core/Src/it.o
 .debug_macro   0x00000000000112c8      0x225 Core/Src/it.o
 .debug_macro   0x00000000000114ed       0x2e Core/Src/it.o
 .debug_macro   0x000000000001151b      0x11a Core/Src/it.o
 .debug_macro   0x0000000000011635       0x91 Core/Src/it.o
 .debug_macro   0x00000000000116c6       0x89 Core/Src/it.o
 .debug_macro   0x000000000001174f      0x8d1 Core/Src/it.o
 .debug_macro   0x0000000000012020       0x35 Core/Src/it.o
 .debug_macro   0x0000000000012055      0x295 Core/Src/it.o
 .debug_macro   0x00000000000122ea      0x134 Core/Src/it.o
 .debug_macro   0x000000000001241e       0x16 Core/Src/it.o
 .debug_macro   0x0000000000012434      0x1d7 Core/Src/main.o
 .debug_macro   0x000000000001260b       0x1c Core/Src/main.o
 .debug_macro   0x0000000000012627      0x1dd Core/Src/msp.o
 .debug_macro   0x0000000000012804      0x1ce Core/Src/system_stm32f4xx.o
 .debug_macro   0x00000000000129d2      0x22e Drivers/STM32F4xx_HAL_Driver/Src/stm32f4xx_hal.o
 .debug_macro   0x0000000000012c00      0x1ce Drivers/STM32F4xx_HAL_Driver/Src/stm32f4xx_hal_cortex.o
 .debug_macro   0x0000000000012dce      0x1d4 Drivers/STM32F4xx_HAL_Driver/Src/stm32f4xx_hal_gpio.o
 .debug_macro   0x0000000000012fa2      0x1f2 Drivers/STM32F4xx_HAL_Driver/Src/stm32f4xx_hal_rcc.o
 .debug_macro   0x0000000000013194      0x1ce Drivers/STM32F4xx_HAL_Driver/Src/stm32f4xx_hal_rcc_ex.o
 .debug_macro   0x0000000000013362      0x1cf Drivers/STM32F4xx_HAL_Driver/Src/stm32f4xx_hal_tim.o
 .debug_macro   0x0000000000013531      0x1ce Drivers/STM32F4xx_HAL_Driver/Src/stm32f4xx_hal_tim_ex.o

.debug_line     0x0000000000000000     0x895d
 .debug_line    0x0000000000000000      0x7ef Core/Src/it.o
 .debug_line    0x00000000000007ef      0x873 Core/Src/main.o
 .debug_line    0x0000000000001062      0x7f5 Core/Src/msp.o
 .debug_line    0x0000000000001857      0x80e Core/Src/system_stm32f4xx.o
 .debug_line    0x0000000000002065      0x9ea Drivers/STM32F4xx_HAL_Driver/Src/stm32f4xx_hal.o
 .debug_line    0x0000000000002a4f      0xa3e Drivers/STM32F4xx_HAL_Driver/Src/stm32f4xx_hal_cortex.o
 .debug_line    0x000000000000348d      0x938 Drivers/STM32F4xx_HAL_Driver/Src/stm32f4xx_hal_gpio.o
 .debug_line    0x0000000000003dc5      0xa93 Drivers/STM32F4xx_HAL_Driver/Src/stm32f4xx_hal_rcc.o
 .debug_line    0x0000000000004858      0xa3f Drivers/STM32F4xx_HAL_Driver/Src/stm32f4xx_hal_rcc_ex.o
 .debug_line    0x0000000000005297     0x2306 Drivers/STM32F4xx_HAL_Driver/Src/stm32f4xx_hal_tim.o
 .debug_line    0x000000000000759d     0x133f Drivers/STM32F4xx_HAL_Driver/Src/stm32f4xx_hal_tim_ex.o
 .debug_line    0x00000000000088dc       0x81 startup/startup_stm32f410rx.o

.debug_str      0x0000000000000000    0x7a5bb
 .debug_str     0x0000000000000000    0x77c57 Core/Src/it.o
                                      0x77fa9 (size before relaxing)
 .debug_str     0x0000000000077c57      0x6e6 Core/Src/main.o
                                      0x78677 (size before relaxing)
 .debug_str     0x000000000007833d       0xbe Core/Src/msp.o
                                      0x7844f (size before relaxing)
 .debug_str     0x00000000000783fb       0x5b Core/Src/system_stm32f4xx.o
                                      0x77b49 (size before relaxing)
 .debug_str     0x0000000000078456      0x578 Drivers/STM32F4xx_HAL_Driver/Src/stm32f4xx_hal.o
                                      0x784e2 (size before relaxing)
 .debug_str     0x00000000000789ce      0x32f Drivers/STM32F4xx_HAL_Driver/Src/stm32f4xx_hal_cortex.o
                                      0x782a9 (size before relaxing)
 .debug_str     0x0000000000078cfd      0x15a Drivers/STM32F4xx_HAL_Driver/Src/stm32f4xx_hal_gpio.o
                                      0x77cf6 (size before relaxing)
 .debug_str     0x0000000000078e57      0x25f Drivers/STM32F4xx_HAL_Driver/Src/stm32f4xx_hal_rcc.o
                                      0x77f77 (size before relaxing)
 .debug_str     0x00000000000790b6      0x17f Drivers/STM32F4xx_HAL_Driver/Src/stm32f4xx_hal_rcc_ex.o
                                      0x77da6 (size before relaxing)
 .debug_str     0x0000000000079235      0xe37 Drivers/STM32F4xx_HAL_Driver/Src/stm32f4xx_hal_tim.o
                                      0x78ee8 (size before relaxing)
 .debug_str     0x000000000007a06c      0x520 Drivers/STM32F4xx_HAL_Driver/Src/stm32f4xx_hal_tim_ex.o
                                      0x786e9 (size before relaxing)
 .debug_str     0x000000000007a58c       0x2f startup/startup_stm32f410rx.o
                                         0x91 (size before relaxing)

.comment        0x0000000000000000       0x7f
 .comment       0x0000000000000000       0x7f Core/Src/it.o
                                         0x80 (size before relaxing)
 .comment       0x000000000000007f       0x80 Core/Src/main.o
 .comment       0x000000000000007f       0x80 Core/Src/msp.o
 .comment       0x000000000000007f       0x80 Core/Src/system_stm32f4xx.o
 .comment       0x000000000000007f       0x80 Drivers/STM32F4xx_HAL_Driver/Src/stm32f4xx_hal.o
 .comment       0x000000000000007f       0x80 Drivers/STM32F4xx_HAL_Driver/Src/stm32f4xx_hal_cortex.o
 .comment       0x000000000000007f       0x80 Drivers/STM32F4xx_HAL_Driver/Src/stm32f4xx_hal_gpio.o
 .comment       0x000000000000007f       0x80 Drivers/STM32F4xx_HAL_Driver/Src/stm32f4xx_hal_rcc.o
 .comment       0x000000000000007f       0x80 Drivers/STM32F4xx_HAL_Driver/Src/stm32f4xx_hal_rcc_ex.o
 .comment       0x000000000000007f       0x80 Drivers/STM32F4xx_HAL_Driver/Src/stm32f4xx_hal_tim.o
 .comment       0x000000000000007f       0x80 Drivers/STM32F4xx_HAL_Driver/Src/stm32f4xx_hal_tim_ex.o

.debug_frame    0x0000000000000000     0x1878
 .debug_frame   0x0000000000000000       0x40 Core/Src/it.o
 .debug_frame   0x0000000000000040       0xa4 Core/Src/main.o
 .debug_frame   0x00000000000000e4       0x48 Core/Src/msp.o
 .debug_frame   0x000000000000012c       0x30 Core/Src/system_stm32f4xx.o
 .debug_frame   0x000000000000015c      0x1ec Drivers/STM32F4xx_HAL_Driver/Src/stm32f4xx_hal.o
 .debug_frame   0x0000000000000348      0x15c Drivers/STM32F4xx_HAL_Driver/Src/stm32f4xx_hal_cortex.o
 .debug_frame   0x00000000000004a4       0xd8 Drivers/STM32F4xx_HAL_Driver/Src/stm32f4xx_hal_gpio.o
 .debug_frame   0x000000000000057c      0x184 Drivers/STM32F4xx_HAL_Driver/Src/stm32f4xx_hal_rcc.o
 .debug_frame   0x0000000000000700       0xc8 Drivers/STM32F4xx_HAL_Driver/Src/stm32f4xx_hal_rcc_ex.o
 .debug_frame   0x00000000000007c8      0xba8 Drivers/STM32F4xx_HAL_Driver/Src/stm32f4xx_hal_tim.o
 .debug_frame   0x0000000000001370      0x47c Drivers/STM32F4xx_HAL_Driver/Src/stm32f4xx_hal_tim_ex.o
 .debug_frame   0x00000000000017ec       0x2c /home/simon/Ac6/SystemWorkbench/plugins/fr.ac6.mcu.externaltools.arm-none.linux64_1.17.0.201812190825/tools/compiler/bin/../lib/gcc/arm-none-eabi/7.3.1/thumb/v7e-m/fpv4-sp/hard/libgcc.a(_aeabi_uldivmod.o)
 .debug_frame   0x0000000000001818       0x34 /home/simon/Ac6/SystemWorkbench/plugins/fr.ac6.mcu.externaltools.arm-none.linux64_1.17.0.201812190825/tools/compiler/bin/../lib/gcc/arm-none-eabi/7.3.1/thumb/v7e-m/fpv4-sp/hard/libgcc.a(_udivmoddi4.o)
 .debug_frame   0x000000000000184c       0x2c /home/simon/Ac6/SystemWorkbench/plugins/fr.ac6.mcu.externaltools.arm-none.linux64_1.17.0.201812190825/tools/compiler/bin/../lib/gcc/arm-none-eabi/7.3.1/../../../../arm-none-eabi/lib/thumb/v7e-m/fpv4-sp/hard/libc_nano.a(lib_a-init.o)

.debug_loc      0x0000000000000000     0x7b01
 .debug_loc     0x0000000000000000       0x6e Core/Src/main.o
 .debug_loc     0x000000000000006e       0x21 Core/Src/msp.o
 .debug_loc     0x000000000000008f      0x13e Core/Src/system_stm32f4xx.o
 .debug_loc     0x00000000000001cd      0x11b Drivers/STM32F4xx_HAL_Driver/Src/stm32f4xx_hal.o
 .debug_loc     0x00000000000002e8      0x5ce Drivers/STM32F4xx_HAL_Driver/Src/stm32f4xx_hal_cortex.o
 .debug_loc     0x00000000000008b6      0x466 Drivers/STM32F4xx_HAL_Driver/Src/stm32f4xx_hal_gpio.o
 .debug_loc     0x0000000000000d1c      0x40f Drivers/STM32F4xx_HAL_Driver/Src/stm32f4xx_hal_rcc.o
 .debug_loc     0x000000000000112b      0x461 Drivers/STM32F4xx_HAL_Driver/Src/stm32f4xx_hal_rcc_ex.o
 .debug_loc     0x000000000000158c     0x4af2 Drivers/STM32F4xx_HAL_Driver/Src/stm32f4xx_hal_tim.o
 .debug_loc     0x000000000000607e     0x1a83 Drivers/STM32F4xx_HAL_Driver/Src/stm32f4xx_hal_tim_ex.o
