main.c:63:5:main	8	static
main.c:87:6:idle_task	4	static
main.c:91:6:task1_handler	8	static
main.c:97:6:task2_handler	8	static
main.c:103:6:task3_handler	8	static
main.c:109:6:task4_handler	8	static
main.c:115:6:init_systick_timer	32	static
main.c:135:27:init_scheduler_stack	0	static,ignoring_inline_asm
main.c:141:6:init_task_stack	24	static
main.c:186:6:enable_processor_faults	16	static
main.c:197:6:HardFault_Handler	8	static
main.c:202:6:MemManage_Handler	8	static
main.c:207:6:BusFault_Handler	8	static
main.c:212:10:get_psp_value	4	static
main.c:217:6:save_psp_value	16	static
main.c:223:6:update_next_task	16	static
main.c:238:27:switch_sp_to_psp	0	static,ignoring_inline_asm
main.c:253:6:schedule	16	static
main.c:261:6:task_delay	16	static,ignoring_inline_asm
main.c:275:27:PendSV_Handler	0	static,ignoring_inline_asm
main.c:299:6:update_global_tick_count	4	static
main.c:303:6:unblock_tasks	16	static
main.c:313:6:SysTick_Handler	16	static
